\BOOKMARK [0][-]{chapter*.1}{\376\377\000A\000b\000s\000t\000r\000a\000c\000t}{}% 1
\BOOKMARK [0][-]{chapter*.2}{\376\377\000N\000o\000t\000e\000\040\000o\000n\000\040\000E\000p\000i\000s\000t\000e\000m\000i\000c\000\040\000S\000t\000a\000t\000u\000s}{}% 2
\BOOKMARK [0][-]{chapter*.3}{\376\377\000R\000e\000l\000a\000t\000i\000o\000n\000\040\000t\000o\000\040\000P\000r\000i\000o\000r\000\040\000W\000o\000r\000k}{}% 3
\BOOKMARK [-1][-]{part.1}{\376\377\000I\000\040\000F\000o\000u\000n\000d\000a\000t\000i\000o\000n\000s\000:\000\040\000D\000i\000s\000t\000i\000n\000c\000t\000i\000o\000n\000s\000,\000\040\000S\000u\000b\000s\000t\000r\000a\000t\000e\000s\000,\000\040\000a\000n\000d\000\040\000t\000h\000e\000\040\000P\000r\000o\000b\000l\000e\000m\000\040\000o\000f\000\040\000C\000o\000n\000t\000i\000n\000u\000a\000t\000i\000o\000n}{}% 4
\BOOKMARK [0][-]{chapter.1}{\376\377\000T\000h\000e\000\040\000C\000o\000n\000t\000i\000n\000u\000a\000t\000i\000o\000n\000\040\000P\000r\000o\000b\000l\000e\000m}{part.1}% 5
\BOOKMARK [1][-]{section.1.1}{\376\377\000A\000\040\000M\000o\000t\000i\000v\000a\000t\000i\000n\000g\000\040\000S\000c\000e\000n\000a\000r\000i\000o}{chapter.1}% 6
\BOOKMARK [1][-]{section.1.2}{\376\377\000I\000n\000f\000o\000r\000m\000a\000l\000\040\000S\000t\000a\000t\000e\000m\000e\000n\000t\000\040\000o\000f\000\040\000t\000h\000e\000\040\000T\000h\000e\000s\000i\000s}{chapter.1}% 7
\BOOKMARK [1][-]{section.1.3}{\376\377\000C\000o\000n\000t\000i\000n\000u\000a\000t\000i\000o\000n\000,\000\040\000N\000o\000t\000\040\000R\000e\000p\000r\000e\000s\000e\000n\000t\000a\000t\000i\000o\000n}{chapter.1}% 8
\BOOKMARK [1][-]{section.1.4}{\376\377\000T\000h\000r\000e\000e\000\040\000M\000o\000t\000i\000v\000a\000t\000i\000n\000g\000\040\000D\000o\000m\000a\000i\000n\000s}{chapter.1}% 9
\BOOKMARK [1][-]{section.1.5}{\376\377\000A\000n\000\040\000A\000c\000c\000u\000r\000a\000t\000e\000\040\000R\000o\000a\000d\000m\000a\000p}{chapter.1}% 10
\BOOKMARK [1][-]{section.1.6}{\376\377\000A\000\040\000N\000o\000t\000e\000\040\000o\000n\000\040\000H\000o\000w\000\040\000t\000o\000\040\000R\000e\000a\000d\000\040\000t\000h\000e\000\040\000L\000a\000b\000e\000l\000s}{chapter.1}% 11
\BOOKMARK [0][-]{chapter.2}{\376\377\000D\000i\000s\000t\000i\000n\000c\000t\000i\000o\000n\000s\000\040\000a\000n\000d\000\040\000D\000i\000s\000t\000i\000n\000g\000u\000i\000s\000h\000a\000b\000i\000l\000i\000t\000y\000\040\000L\000o\000s\000s}{part.1}% 12
\BOOKMARK [1][-]{section.2.1}{\376\377\000D\000i\000s\000t\000i\000n\000g\000u\000i\000s\000h\000a\000b\000i\000l\000i\000t\000y\000\040\000G\000e\000o\000m\000e\000t\000r\000y\000,\000\040\000I\000m\000p\000o\000r\000t\000e\000d}{chapter.2}% 13
\BOOKMARK [1][-]{section.2.2}{\376\377\000R\000e\000n\000d\000e\000r\000i\000n\000g\000s\000\040\000a\000s\000\040\000P\000r\000o\000j\000e\000c\000t\000i\000o\000n\000s}{chapter.2}% 14
\BOOKMARK [2][-]{subsection.2.2.1}{\376\377\000F\000r\000o\000m\000\040\000P\000a\000i\000r\000s\000\040\000t\000o\000\040\000N\000a\000m\000e\000d\000\040\000D\000i\000s\000t\000i\000n\000c\000t\000i\000o\000n\000s}{section.2.2}% 15
\BOOKMARK [1][-]{section.2.3}{\376\377\000U\000n\000d\000e\000r\000d\000e\000t\000e\000r\000m\000i\000n\000a\000t\000i\000o\000n\000\040\000V\000e\000r\000s\000u\000s\000\040\000C\000o\000r\000r\000u\000p\000t\000i\000o\000n}{chapter.2}% 16
\BOOKMARK [1][-]{section.2.4}{\376\377\000A\000\040\000T\000o\000y\000\040\000E\000x\000a\000m\000p\000l\000e}{chapter.2}% 17
\BOOKMARK [0][-]{chapter.3}{\376\377\000T\000h\000e\000\040\000F\000o\000u\000r\000\040\000O\000p\000e\000r\000a\000t\000i\000o\000n\000s\000\040\000o\000f\000\040\000D\000i\000s\000t\000i\000n\000c\000t\000i\000o\000n}{part.1}% 18
\BOOKMARK [1][-]{section.3.1}{\376\377\000T\000w\000o\000\040\000C\000o\000l\000l\000i\000s\000i\000o\000n\000s\000\040\000i\000n\000\040\000t\000h\000e\000\040\000S\000o\000u\000r\000c\000e\000\040\000V\000o\000c\000a\000b\000u\000l\000a\000r\000y}{chapter.3}% 19
\BOOKMARK [1][-]{section.3.2}{\376\377\000T\000w\000o\000\040\000D\000e\000f\000i\000c\000i\000t\000s}{chapter.3}% 20
\BOOKMARK [1][-]{section.3.3}{\376\377\000T\000h\000e\000\040\000F\000o\000u\000r\000\040\000O\000p\000e\000r\000a\000t\000i\000o\000n\000s}{chapter.3}% 21
\BOOKMARK [1][-]{section.3.4}{\376\377\000P\000e\000r\000s\000i\000s\000t\000e\000n\000c\000e\000\040\000S\000e\000t\000s}{chapter.3}% 22
\BOOKMARK [1][-]{section.3.5}{\376\377\000A\000\040\000T\000h\000i\000r\000d\000\040\000V\000e\000r\000i\000f\000i\000e\000d\000\040\000S\000o\000u\000r\000c\000e\000:\000\040\000O\000b\000s\000e\000r\000v\000a\000b\000i\000l\000i\000t\000y\000\040\000I\000s\000\040\000R\000e\000s\000t\000o\000r\000a\000b\000i\000l\000i\000t\000y}{chapter.3}% 23
\BOOKMARK [1][-]{section.3.6}{\376\377\000A\000\040\000F\000o\000u\000r\000t\000h\000\040\000S\000o\000u\000r\000c\000e\000,\000\040\000T\000r\000a\000n\000s\000c\000r\000i\000b\000e\000d\000:\000\040\000A\000d\000m\000i\000s\000s\000i\000b\000i\000l\000i\000t\000y\000\040\000B\000e\000f\000o\000r\000e\000\040\000T\000r\000u\000t\000h}{chapter.3}% 24
\BOOKMARK [1][-]{section.3.7}{\376\377\000A\000\040\000F\000i\000f\000t\000h\000\040\000S\000o\000u\000r\000c\000e\000,\000\040\000T\000r\000a\000n\000s\000c\000r\000i\000b\000e\000d\000:\000\040\000T\000h\000e\000\040\000G\000e\000o\000m\000e\000t\000r\000y\000\040\000o\000f\000\040\000C\000o\000r\000r\000e\000c\000t\000i\000o\000n}{chapter.3}% 25
\BOOKMARK [1][-]{section.3.8}{\376\377\000A\000\040\000S\000i\000x\000t\000h\000\040\000S\000o\000u\000r\000c\000e\000,\000\040\000a\000t\000\040\000a\000\040\000W\000e\000a\000k\000e\000r\000\040\000T\000i\000e\000r\000:\000\040\000T\000h\000e\000\040\000G\000e\000o\000m\000e\000t\000r\000y\000\040\000o\000f\000\040\000W\000i\000t\000n\000e\000s\000s\000e\000s}{chapter.3}% 26
\BOOKMARK [1][-]{section.3.9}{\376\377\000W\000h\000e\000r\000e\000\040\000T\000h\000i\000s\000\040\000M\000o\000n\000o\000g\000r\000a\000p\000h\000'\000s\000\040\000A\000p\000p\000a\000r\000a\000t\000u\000s\000\040\000S\000i\000t\000s}{chapter.3}% 27
\BOOKMARK [1][-]{section.3.10}{\376\377\000A\000n\000\040\000H\000o\000n\000e\000s\000t\000\040\000S\000c\000o\000r\000e\000c\000a\000r\000d}{chapter.3}% 28
\BOOKMARK [0][-]{chapter.4}{\376\377\000A\000d\000m\000i\000s\000s\000i\000b\000i\000l\000i\000t\000y\000\040\000a\000n\000d\000\040\000t\000h\000e\000\040\000S\000p\000a\000c\000e\000\040\000o\000f\000\040\000C\000o\000n\000t\000i\000n\000u\000a\000t\000i\000o\000n\000s}{part.1}% 29
\BOOKMARK [1][-]{section.4.1}{\376\377\000A\000d\000m\000i\000s\000s\000i\000b\000i\000l\000i\000t\000y\000\040\000T\000h\000e\000o\000r\000y\000,\000\040\000I\000m\000p\000o\000r\000t\000e\000d\000\040\000a\000n\000d\000\040\000S\000p\000e\000c\000i\000a\000l\000i\000z\000e\000d}{chapter.4}% 30
\BOOKMARK [1][-]{section.4.2}{\376\377\000W\000h\000a\000t\000\040\000a\000\040\000T\000a\000s\000k\000\040\000R\000e\000q\000u\000i\000r\000e\000s}{chapter.4}% 31
\BOOKMARK [2][-]{subsection.4.2.1}{\376\377\000T\000a\000s\000k\000s\000\040\000a\000s\000\040\000F\000i\000l\000t\000e\000r\000s\000\040\000o\000n\000\040\000D\000i\000s\000t\000i\000n\000c\000t\000i\000o\000n\000\040\000S\000p\000a\000c\000e}{section.4.2}% 32
\BOOKMARK [1][-]{section.4.3}{\376\377\000W\000h\000y\000\040\000S\000u\000f\000f\000i\000c\000i\000e\000n\000c\000y\000\040\000C\000a\000n\000n\000o\000t\000\040\000B\000e\000\040\000V\000e\000r\000i\000f\000i\000e\000d\000\040\000a\000t\000\040\000P\000r\000o\000d\000u\000c\000t\000i\000o\000n\000\040\000T\000i\000m\000e}{chapter.4}% 33
\BOOKMARK [1][-]{section.4.4}{\376\377\000C\000l\000o\000s\000e\000d\000\040\000a\000n\000d\000\040\000O\000p\000e\000n\000\040\000H\000i\000d\000d\000e\000n\000-\000S\000t\000a\000t\000e\000\040\000D\000o\000m\000a\000i\000n\000s}{chapter.4}% 34
\BOOKMARK [0][-]{chapter.5}{\376\377\000R\000e\000p\000a\000i\000r\000,\000\040\000C\000o\000s\000t\000,\000\040\000a\000n\000d\000\040\000t\000h\000e\000\040\000E\000c\000o\000n\000o\000m\000i\000c\000s\000\040\000o\000f\000\040\000M\000a\000i\000n\000t\000a\000i\000n\000i\000n\000g\000\040\000a\000\040\000D\000i\000s\000t\000i\000n\000c\000t\000i\000o\000n}{part.1}% 35
\BOOKMARK [1][-]{section.5.1}{\376\377\000R\000e\000p\000a\000i\000r\000\040\000C\000o\000s\000t\000\040\000a\000s\000\040\000t\000h\000e\000\040\000C\000o\000s\000t\000\040\000o\000f\000\040\000P\000r\000e\000s\000e\000r\000v\000i\000n\000g\000\040\000a\000\040\000M\000i\000n\000i\000m\000a\000l\000\040\000P\000a\000i\000r}{chapter.5}% 36
\BOOKMARK [1][-]{section.5.2}{\376\377\000R\000e\000p\000a\000i\000r\000\040\000C\000o\000s\000t\000,\000\040\000S\000h\000a\000r\000p\000n\000e\000s\000s\000,\000\040\000a\000n\000d\000\040\000A\000m\000b\000i\000g\000u\000i\000t\000y}{chapter.5}% 37
\BOOKMARK [1][-]{section.5.3}{\376\377\000R\000e\000p\000a\000i\000r\000\040\000I\000n\000t\000e\000r\000f\000e\000r\000e\000n\000c\000e}{chapter.5}% 38
\BOOKMARK [1][-]{section.5.4}{\376\377\000T\000h\000e\000\040\000R\000e\000d\000i\000s\000t\000r\000i\000b\000u\000t\000i\000o\000n\000\040\000T\000h\000e\000o\000r\000e\000m}{chapter.5}% 39
\BOOKMARK [1][-]{section.5.5}{\376\377\000A\000\040\000W\000o\000r\000k\000e\000d\000\040\000I\000n\000s\000t\000a\000n\000c\000e\000,\000\040\000B\000e\000f\000o\000r\000e\000\040\000I\000t\000\040\000B\000e\000c\000o\000m\000e\000s\000\040\000a\000\040\000R\000e\000l\000a\000y}{chapter.5}% 40
\BOOKMARK [0][-]{chapter.6}{\376\377\000F\000r\000o\000m\000\040\000S\000y\000n\000c\000h\000r\000o\000n\000i\000c\000\040\000B\000u\000d\000g\000e\000t\000s\000\040\000t\000o\000\040\000D\000i\000a\000c\000h\000r\000o\000n\000i\000c\000\040\000C\000h\000a\000i\000n\000s}{part.1}% 41
\BOOKMARK [1][-]{section.6.1}{\376\377\000T\000h\000e\000\040\000M\000i\000s\000m\000a\000t\000c\000h\000,\000\040\000S\000t\000a\000t\000e\000d\000\040\000P\000r\000e\000c\000i\000s\000e\000l\000y}{chapter.6}% 42
\BOOKMARK [1][-]{section.6.2}{\376\377\000W\000h\000y\000\040\000T\000h\000i\000s\000\040\000I\000s\000\040\000N\000o\000t\000\040\000a\000\040\000T\000r\000i\000v\000i\000a\000l\000\040\000R\000e\000l\000a\000b\000e\000l\000i\000n\000g}{chapter.6}% 43
\BOOKMARK [1][-]{section.6.3}{\376\377\000S\000t\000a\000t\000e\000m\000e\000n\000t\000\040\000o\000f\000\040\000t\000h\000e\000\040\000E\000x\000t\000e\000n\000s\000i\000o\000n\000\040\000T\000a\000s\000k}{chapter.6}% 44
\BOOKMARK [-1][-]{part.2}{\376\377\000I\000I\000\040\000T\000h\000e\000\040\000B\000u\000d\000g\000e\000t\000\040\000R\000e\000l\000a\000y\000:\000\040\000A\000\040\000N\000e\000w\000\040\000F\000o\000r\000m\000a\000l\000\040\000O\000b\000j\000e\000c\000t}{}% 45
\BOOKMARK [0][-]{chapter.7}{\376\377\000D\000e\000f\000i\000n\000i\000n\000g\000\040\000t\000h\000e\000\040\000B\000u\000d\000g\000e\000t\000\040\000R\000e\000l\000a\000y}{part.2}% 46
\BOOKMARK [1][-]{section.7.1}{\376\377\000W\000h\000y\000\040\000a\000\040\000C\000h\000a\000i\000n\000,\000\040\000a\000n\000d\000\040\000N\000o\000t\000\040\000J\000u\000s\000t\000\040\000a\000\040\000R\000e\000n\000d\000e\000r\000i\000n\000g}{chapter.7}% 47
\BOOKMARK [1][-]{section.7.2}{\376\377\000T\000h\000e\000\040\000S\000u\000b\000s\000t\000r\000a\000t\000e\000\040\000C\000h\000a\000i\000n}{chapter.7}% 48
\BOOKMARK [2][-]{subsection.7.2.1}{\376\377\000L\000o\000c\000a\000l\000\040\000B\000u\000d\000g\000e\000t\000s\000\040\000a\000s\000\040\000S\000t\000a\000g\000e\000-\000L\000o\000c\000a\000l\000\040\000R\000e\000p\000a\000i\000r\000\040\000E\000c\000o\000n\000o\000m\000i\000e\000s}{section.7.2}% 49
\BOOKMARK [1][-]{section.7.3}{\376\377\000B\000u\000d\000g\000e\000t\000-\000C\000o\000n\000s\000t\000r\000a\000i\000n\000e\000d\000\040\000D\000i\000s\000c\000a\000r\000d\000,\000\040\000a\000n\000d\000\040\000I\000t\000s\000\040\000U\000n\000d\000e\000r\000d\000e\000t\000e\000r\000m\000i\000n\000a\000t\000i\000o\000n}{chapter.7}% 50
\BOOKMARK [1][-]{section.7.4}{\376\377\000T\000h\000e\000\040\000B\000u\000d\000g\000e\000t\000\040\000R\000e\000l\000a\000y\000,\000\040\000D\000e\000f\000i\000n\000e\000d}{chapter.7}% 51
\BOOKMARK [2][-]{subsection.7.4.1}{\376\377\000W\000h\000y\000\040\000L\000o\000c\000a\000l\000\040\000R\000a\000t\000i\000o\000n\000a\000l\000i\000t\000y\000\040\000I\000s\000\040\000N\000o\000t\000\040\000G\000l\000o\000b\000a\000l\000\040\000R\000a\000t\000i\000o\000n\000a\000l\000i\000t\000y}{section.7.4}% 52
\BOOKMARK [1][-]{section.7.5}{\376\377\000T\000h\000e\000\040\000R\000o\000o\000t\000-\000O\000b\000j\000e\000c\000t\000\040\000M\000o\000v\000e}{chapter.7}% 53
\BOOKMARK [1][-]{section.7.6}{\376\377\000C\000u\000m\000u\000l\000a\000t\000i\000v\000e\000\040\000D\000i\000s\000c\000a\000r\000d\000\040\000a\000n\000d\000\040\000I\000t\000s\000\040\000M\000o\000n\000o\000t\000o\000n\000i\000c\000i\000t\000y}{chapter.7}% 54
\BOOKMARK [1][-]{section.7.7}{\376\377\000T\000h\000e\000\040\000L\000o\000s\000s\000\040\000L\000e\000d\000g\000e\000r\000,\000\040\000U\000p\000g\000r\000a\000d\000e\000d}{chapter.7}% 55
\BOOKMARK [2][-]{subsection.7.7.1}{\376\377\000T\000h\000e\000\040\000L\000o\000s\000s\000\040\000L\000e\000d\000g\000e\000r\000\040\000a\000s\000\040\000I\000n\000s\000t\000i\000t\000u\000t\000i\000o\000n\000a\000l\000\040\000M\000e\000m\000o\000r\000y}{section.7.7}% 56
\BOOKMARK [1][-]{section.7.8}{\376\377\000A\000\040\000F\000u\000l\000l\000y\000\040\000W\000o\000r\000k\000e\000d\000\040\000I\000n\000s\000t\000a\000n\000c\000e}{chapter.7}% 57
\BOOKMARK [2][-]{subsection.7.8.1}{\376\377\000S\000t\000a\000g\000e\000\040\0000\000\040\000t\000o\000\040\0001}{section.7.8}% 58
\BOOKMARK [2][-]{subsection.7.8.2}{\376\377\000S\000t\000a\000g\000e\000\040\0001\000\040\000t\000o\000\040\0002}{section.7.8}% 59
\BOOKMARK [2][-]{subsection.7.8.3}{\376\377\000A\000\040\000T\000a\000s\000k\000\040\000N\000e\000i\000t\000h\000e\000r\000\040\000S\000t\000a\000g\000e\000\040\000A\000n\000t\000i\000c\000i\000p\000a\000t\000e\000d}{section.7.8}% 60
\BOOKMARK [2][-]{subsection.7.8.4}{\376\377\000R\000o\000o\000t\000\040\000R\000e\000c\000o\000v\000e\000r\000y\000,\000\040\000D\000e\000m\000o\000n\000s\000t\000r\000a\000t\000e\000d}{section.7.8}% 61
\BOOKMARK [1][-]{section.7.9}{\376\377\000W\000h\000a\000t\000\040\000T\000h\000i\000s\000\040\000D\000e\000f\000i\000n\000i\000t\000i\000o\000n\000\040\000C\000o\000m\000m\000i\000t\000s\000\040\000U\000s\000\040\000T\000o}{chapter.7}% 62
\BOOKMARK [0][-]{chapter.8}{\376\377\000C\000o\000o\000r\000d\000i\000n\000a\000t\000i\000o\000n\000,\000\040\000I\000t\000s\000\040\000A\000b\000s\000e\000n\000c\000e\000,\000\040\000a\000n\000d\000\040\000P\000a\000r\000t\000i\000a\000l\000\040\000R\000e\000m\000e\000d\000i\000e\000s}{part.2}% 63
\BOOKMARK [1][-]{section.8.1}{\376\377\000W\000h\000y\000\040\000F\000u\000l\000l\000\040\000C\000o\000o\000r\000d\000i\000n\000a\000t\000i\000o\000n\000\040\000I\000s\000\040\000U\000s\000u\000a\000l\000l\000y\000\040\000U\000n\000a\000v\000a\000i\000l\000a\000b\000l\000e}{chapter.8}% 64
\BOOKMARK [1][-]{section.8.2}{\376\377\000A\000u\000g\000m\000e\000n\000t\000a\000t\000i\000o\000n}{chapter.8}% 65
\BOOKMARK [1][-]{section.8.3}{\376\377\000P\000r\000o\000v\000e\000n\000a\000n\000c\000e\000\040\000a\000n\000d\000\040\000L\000o\000s\000s\000-\000L\000e\000d\000g\000e\000r\000\040\000S\000h\000a\000r\000i\000n\000g}{chapter.8}% 66
\BOOKMARK [1][-]{section.8.4}{\376\377\000P\000r\000i\000o\000r\000s}{chapter.8}% 67
\BOOKMARK [1][-]{section.8.5}{\376\377\000A\000d\000j\000u\000d\000i\000c\000a\000t\000i\000o\000n}{chapter.8}% 68
\BOOKMARK [2][-]{subsection.8.5.1}{\376\377\000H\000u\000m\000a\000n\000\040\000I\000n\000s\000t\000i\000t\000u\000t\000i\000o\000n\000s\000\040\000a\000s\000\040\000A\000d\000j\000u\000d\000i\000c\000a\000t\000o\000r\000s}{section.8.5}% 69
\BOOKMARK [1][-]{section.8.6}{\376\377\000R\000e\000v\000i\000s\000i\000o\000n}{chapter.8}% 70
\BOOKMARK [1][-]{section.8.7}{\376\377\000C\000o\000o\000r\000d\000i\000n\000a\000t\000i\000o\000n\000\040\000V\000e\000r\000s\000u\000s\000\040\000P\000o\000o\000l\000i\000n\000g\000:\000\040\000A\000\040\000B\000o\000u\000n\000d\000a\000r\000y\000\040\000C\000a\000s\000e}{chapter.8}% 71
\BOOKMARK [1][-]{section.8.8}{\376\377\000T\000h\000e\000\040\000L\000i\000m\000i\000t\000s\000\040\000o\000f\000\040\000t\000h\000e\000\040\000T\000a\000x\000o\000n\000o\000m\000y}{chapter.8}% 72
\BOOKMARK [1][-]{section.8.9}{\376\377\000C\000o\000o\000r\000d\000i\000n\000a\000t\000i\000o\000n\000\040\000V\000e\000r\000s\000u\000s\000\040\000W\000i\000t\000n\000e\000s\000s\000\040\000R\000e\000c\000o\000n\000s\000t\000r\000u\000c\000t\000i\000o\000n}{chapter.8}% 73
\BOOKMARK [0][-]{chapter.9}{\376\377\000F\000a\000n\000-\000O\000u\000t\000:\000\040\000P\000a\000r\000a\000l\000l\000e\000l\000\040\000B\000u\000d\000g\000e\000t\000\040\000R\000e\000l\000a\000y\000s\000\040\000a\000n\000d\000\040\000C\000r\000o\000s\000s\000-\000B\000r\000a\000n\000c\000h\000\040\000D\000i\000s\000a\000g\000r\000e\000e\000m\000e\000n\000t}{part.2}% 74
\BOOKMARK [1][-]{section.9.1}{\376\377\000F\000r\000o\000m\000\040\000C\000h\000a\000i\000n\000s\000\040\000t\000o\000\040\000G\000r\000a\000p\000h\000s}{chapter.9}% 75
\BOOKMARK [1][-]{section.9.2}{\376\377\000B\000r\000a\000n\000c\000h\000\040\000A\000g\000r\000e\000e\000m\000e\000n\000t\000\040\000a\000n\000d\000\040\000S\000i\000l\000e\000n\000t\000\040\000D\000i\000s\000a\000g\000r\000e\000e\000m\000e\000n\000t}{chapter.9}% 76
\BOOKMARK [2][-]{subsection.9.2.1}{\376\377\000A\000\040\000M\000i\000n\000i\000m\000a\000l\000\040\000T\000w\000o\000-\000B\000r\000a\000n\000c\000h\000\040\000W\000i\000t\000n\000e\000s\000s}{section.9.2}% 77
\BOOKMARK [1][-]{section.9.3}{\376\377\000T\000h\000e\000\040\000R\000e\000g\000r\000e\000s\000s\000\040\000I\000n\000s\000i\000d\000e\000\040\000t\000h\000e\000\040\000C\000o\000n\000f\000i\000d\000e\000n\000c\000e\000\040\000P\000r\000o\000f\000i\000l\000e}{chapter.9}% 78
\BOOKMARK [1][-]{section.9.4}{\376\377\000R\000e\000c\000o\000n\000c\000i\000l\000i\000a\000t\000i\000o\000n}{chapter.9}% 79
\BOOKMARK [0][-]{chapter.10}{\376\377\000T\000h\000e\000\040\000C\000o\000m\000p\000o\000s\000i\000t\000i\000o\000n\000\040\000F\000a\000i\000l\000u\000r\000e\000\040\000T\000h\000e\000o\000r\000e\000m}{part.2}% 80
\BOOKMARK [1][-]{section.10.1}{\376\377\000M\000a\000k\000i\000n\000g\000\040\000L\000o\000c\000a\000l\000\040\000A\000d\000m\000i\000s\000s\000i\000b\000i\000l\000i\000t\000y\000\040\000P\000r\000e\000c\000i\000s\000e}{chapter.10}% 81
\BOOKMARK [1][-]{section.10.2}{\376\377\000S\000t\000a\000t\000e\000m\000e\000n\000t}{chapter.10}% 82
\BOOKMARK [2][-]{subsection.10.2.1}{\376\377\000W\000h\000y\000\040\000N\000o\000\040\000S\000t\000a\000g\000e\000\040\000I\000s\000\040\000W\000r\000o\000n\000g}{section.10.2}% 83
\BOOKMARK [2][-]{subsection.10.2.2}{\376\377\000R\000e\000l\000a\000t\000i\000o\000n\000\040\000t\000o\000\040\000A\000r\000r\000o\000w\000-\000T\000y\000p\000e\000\040\000I\000m\000p\000o\000s\000s\000i\000b\000i\000l\000i\000t\000y\000\040\000R\000e\000s\000u\000l\000t\000s}{section.10.2}% 84
\BOOKMARK [1][-]{section.10.3}{\376\377\000P\000r\000o\000o\000f\000\040\000S\000t\000r\000a\000t\000e\000g\000y}{chapter.10}% 85
\BOOKMARK [1][-]{section.10.4}{\376\377\000C\000o\000r\000o\000l\000l\000a\000r\000i\000e\000s}{chapter.10}% 86
\BOOKMARK [1][-]{section.10.5}{\376\377\000W\000h\000a\000t\000\040\000t\000h\000e\000\040\000T\000h\000e\000o\000r\000e\000m\000\040\000D\000o\000e\000s\000\040\000N\000o\000t\000\040\000S\000a\000y}{chapter.10}% 87
\BOOKMARK [1][-]{section.10.6}{\376\377\000R\000e\000l\000a\000t\000i\000o\000n\000\040\000t\000o\000\040\000t\000h\000e\000\040\000R\000e\000d\000i\000s\000t\000r\000i\000b\000u\000t\000i\000o\000n\000\040\000T\000h\000e\000o\000r\000e\000m}{chapter.10}% 88
\BOOKMARK [-1][-]{part.3}{\376\377\000I\000I\000I\000\040\000M\000o\000d\000e\000s\000\040\000o\000f\000\040\000A\000c\000c\000e\000s\000s\000:\000\040\000P\000r\000e\000s\000e\000r\000v\000a\000t\000i\000o\000n\000\040\000a\000n\000d\000\040\000R\000e\000c\000o\000n\000s\000t\000i\000t\000u\000t\000i\000o\000n}{}% 89
\BOOKMARK [0][-]{chapter.11}{\376\377\000P\000r\000e\000s\000e\000r\000v\000a\000t\000i\000o\000n\000\040\000M\000o\000d\000e\000,\000\040\000R\000e\000c\000o\000n\000s\000t\000i\000t\000u\000t\000i\000o\000n\000\040\000M\000o\000d\000e\000,\000\040\000a\000n\000d\000\040\000t\000h\000e\000\040\000F\000i\000d\000e\000l\000i\000t\000y\000\040\000C\000o\000n\000t\000i\000n\000u\000u\000m}{part.3}% 90
\BOOKMARK [1][-]{section.11.1}{\376\377\000T\000h\000e\000\040\000N\000a\000i\000v\000e\000\040\000B\000i\000n\000a\000r\000y}{chapter.11}% 91
\BOOKMARK [1][-]{section.11.2}{\376\377\000F\000i\000d\000e\000l\000i\000t\000y\000,\000\040\000D\000e\000f\000i\000n\000e\000d}{chapter.11}% 92
\BOOKMARK [1][-]{section.11.3}{\376\377\000T\000h\000e\000\040\000H\000a\000r\000d\000\040\000T\000e\000s\000t\000\040\000C\000a\000s\000e\000:\000\040\000A\000\040\000C\000h\000e\000s\000s\000\040\000B\000o\000a\000r\000d\000\040\000i\000n\000\040\000F\000r\000o\000n\000t\000\040\000o\000f\000\040\000Y\000o\000u}{chapter.11}% 93
\BOOKMARK [1][-]{section.11.4}{\376\377\000R\000e\000c\000u\000r\000s\000i\000v\000e\000\040\000I\000n\000s\000u\000f\000f\000i\000c\000i\000e\000n\000c\000y}{chapter.11}% 94
\BOOKMARK [0][-]{chapter.12}{\376\377\000M\000e\000m\000o\000r\000y\000\040\000a\000s\000\040\000a\000\040\000L\000i\000m\000i\000t\000i\000n\000g\000\040\000C\000a\000s\000e\000:\000\040\000M\000E\000M\000|\0008\000\040\000a\000n\000d\000\040\000t\000h\000e\000\040\000O\000n\000t\000o\000l\000o\000g\000y\000\040\000o\000f\000\040\000T\000r\000a\000c\000e\000s}{part.3}% 95
\BOOKMARK [1][-]{section.12.1}{\376\377\000T\000w\000o\000\040\000R\000e\000a\000d\000i\000n\000g\000s}{chapter.12}% 96
\BOOKMARK [1][-]{section.12.2}{\376\377\000C\000o\000n\000s\000i\000d\000e\000r\000a\000t\000i\000o\000n\000s\000\040\000o\000n\000\040\000E\000a\000c\000h\000\040\000S\000i\000d\000e}{chapter.12}% 97
\BOOKMARK [1][-]{section.12.3}{\376\377\000C\000o\000n\000s\000e\000q\000u\000e\000n\000c\000e\000s\000\040\000o\000f\000\040\000t\000h\000e\000\040\000B\000r\000o\000a\000d\000\040\000R\000e\000a\000d\000i\000n\000g}{chapter.12}% 98
\BOOKMARK [1][-]{section.12.4}{\376\377\000W\000h\000a\000t\000\040\000S\000u\000r\000v\000i\000v\000e\000s\000\040\000R\000e\000g\000a\000r\000d\000l\000e\000s\000s\000\040\000o\000f\000\040\000t\000h\000e\000\040\000F\000o\000r\000k}{chapter.12}% 99
\BOOKMARK [1][-]{section.12.5}{\376\377\000W\000o\000r\000k\000e\000d\000\040\000M\000a\000t\000e\000r\000i\000a\000l\000\040\000U\000n\000d\000e\000r\000\040\000t\000h\000e\000\040\000N\000a\000r\000r\000o\000w\000\040\000R\000e\000a\000d\000i\000n\000g}{chapter.12}% 100
\BOOKMARK [0][-]{chapter.13}{\376\377\000M\000o\000d\000e\000s\000\040\000o\000f\000\040\000A\000c\000c\000e\000s\000s\000\040\000a\000s\000\040\000T\000a\000s\000k\000-\000R\000e\000l\000a\000t\000i\000v\000e\000,\000\040\000N\000o\000t\000\040\000O\000b\000j\000e\000c\000t\000-\000R\000e\000l\000a\000t\000i\000v\000e}{part.3}% 101
\BOOKMARK [1][-]{section.13.1}{\376\377\000T\000h\000e\000\040\000C\000r\000i\000t\000e\000r\000i\000o\000n\000,\000\040\000M\000a\000d\000e\000\040\000P\000r\000e\000c\000i\000s\000e}{chapter.13}% 102
\BOOKMARK [1][-]{section.13.2}{\376\377\000S\000a\000m\000e\000\040\000A\000r\000t\000i\000f\000a\000c\000t\000,\000\040\000D\000i\000f\000f\000e\000r\000e\000n\000t\000\040\000M\000o\000d\000e\000s}{chapter.13}% 103
\BOOKMARK [1][-]{section.13.3}{\376\377\000W\000h\000y\000\040\000T\000h\000i\000s\000\040\000D\000i\000s\000s\000o\000l\000v\000e\000s\000\040\000R\000a\000t\000h\000e\000r\000\040\000T\000h\000a\000n\000\040\000A\000n\000s\000w\000e\000r\000s\000\040\000t\000h\000e\000\040\000E\000a\000r\000l\000i\000e\000r\000\040\000Q\000u\000e\000s\000t\000i\000o\000n}{chapter.13}% 104
\BOOKMARK [-1][-]{part.4}{\376\377\000I\000V\000\040\000W\000o\000r\000k\000e\000d\000\040\000D\000o\000m\000a\000i\000n\000s}{}% 105
\BOOKMARK [0][-]{chapter.14}{\376\377\000C\000h\000e\000s\000s\000:\000\040\000T\000h\000e\000\040\000C\000l\000o\000s\000e\000d\000\040\000H\000i\000d\000d\000e\000n\000-\000S\000t\000a\000t\000e\000\040\000C\000a\000s\000e}{part.4}% 106
\BOOKMARK [1][-]{section.14.1}{\376\377\000T\000h\000e\000\040\000B\000o\000a\000r\000d\000\040\000a\000s\000\040\000S\000u\000b\000s\000t\000r\000a\000t\000e}{chapter.14}% 107
\BOOKMARK [1][-]{section.14.2}{\376\377\000A\000u\000g\000m\000e\000n\000t\000a\000t\000i\000o\000n\000\040\000W\000o\000r\000k\000e\000d\000\040\000i\000n\000\040\000F\000u\000l\000l}{chapter.14}% 108
\BOOKMARK [1][-]{section.14.3}{\376\377\000T\000h\000e\000\040\000S\000i\000m\000u\000l\000\040\000P\000l\000a\000y\000e\000r\000\040\000a\000s\000\040\000a\000\040\000D\000e\000g\000e\000n\000e\000r\000a\000t\000e\000\040\000R\000e\000l\000a\000y}{chapter.14}% 109
\BOOKMARK [1][-]{section.14.4}{\376\377\000R\000e\000v\000i\000s\000i\000t\000i\000n\000g\000\040\000t\000h\000e\000\040\000H\000a\000r\000d\000\040\000T\000e\000s\000t\000\040\000C\000a\000s\000e}{chapter.14}% 110
\BOOKMARK [0][-]{chapter.15}{\376\377\000P\000a\000i\000n\000t\000i\000n\000g\000:\000\040\000O\000p\000e\000n\000\040\000C\000a\000u\000s\000a\000l\000\040\000S\000p\000a\000c\000e\000s\000\040\000a\000n\000d\000\040\000B\000e\000n\000i\000g\000n\000\040\000U\000n\000d\000e\000r\000d\000e\000t\000e\000r\000m\000i\000n\000a\000t\000i\000o\000n}{part.4}% 111
\BOOKMARK [1][-]{section.15.1}{\376\377\000S\000p\000a\000t\000i\000a\000l\000\040\000C\000o\000m\000p\000r\000e\000s\000s\000i\000o\000n}{chapter.15}% 112
\BOOKMARK [1][-]{section.15.2}{\376\377\000T\000e\000m\000p\000o\000r\000a\000l\000\040\000C\000o\000m\000p\000r\000e\000s\000s\000i\000o\000n\000\040\000a\000n\000d\000\040\000t\000h\000e\000\040\000B\000e\000n\000t\000\040\000B\000r\000a\000n\000c\000h}{chapter.15}% 113
\BOOKMARK [1][-]{section.15.3}{\376\377\000W\000h\000y\000\040\000P\000a\000i\000n\000t\000i\000n\000g\000\040\000I\000s\000\040\000t\000h\000e\000\040\000C\000a\000n\000o\000n\000i\000c\000a\000l\000\040\000O\000p\000e\000n\000\040\000D\000o\000m\000a\000i\000n}{chapter.15}% 114
\BOOKMARK [1][-]{section.15.4}{\376\377\000A\000\040\000P\000r\000e\000v\000i\000e\000w\000:\000\040\000C\000l\000o\000s\000e\000d\000n\000e\000s\000s\000\040\000a\000n\000d\000\040\000D\000e\000c\000l\000a\000r\000a\000t\000i\000o\000n\000\040\000A\000r\000e\000\040\000I\000n\000d\000e\000p\000e\000n\000d\000e\000n\000t}{chapter.15}% 115
\BOOKMARK [0][-]{chapter.16}{\376\377\000M\000a\000p\000s\000:\000\040\000S\000c\000a\000l\000e\000\040\000a\000s\000\040\000a\000\040\000D\000e\000c\000l\000a\000r\000e\000d\000\040\000D\000i\000s\000c\000a\000r\000d\000\040\000S\000e\000t}{part.4}% 116
\BOOKMARK [1][-]{section.16.1}{\376\377\000T\000h\000e\000\040\000S\000c\000a\000l\000e\000\040\000B\000a\000r\000\040\000a\000s\000\040\000a\000\040\000P\000r\000e\000h\000i\000s\000t\000o\000r\000i\000c\000\040\000L\000o\000s\000s\000\040\000L\000e\000d\000g\000e\000r}{chapter.16}% 117
\BOOKMARK [1][-]{section.16.2}{\376\377\000T\000a\000s\000k\000-\000R\000e\000l\000a\000t\000i\000v\000e\000\040\000S\000u\000f\000f\000i\000c\000i\000e\000n\000c\000y\000,\000\040\000C\000o\000n\000c\000r\000e\000t\000e\000l\000y}{chapter.16}% 118
\BOOKMARK [1][-]{section.16.3}{\376\377\000C\000o\000m\000p\000l\000e\000t\000i\000n\000g\000\040\000t\000h\000e\000\040\000T\000a\000x\000o\000n\000o\000m\000y}{chapter.16}% 119
\BOOKMARK [0][-]{chapter.17}{\376\377\000P\000r\000o\000o\000f\000s\000:\000\040\000S\000u\000f\000f\000i\000c\000i\000e\000n\000c\000y\000\040\000R\000e\000l\000a\000t\000i\000v\000e\000\040\000t\000o\000\040\000a\000\040\000C\000l\000o\000s\000e\000d\000\040\000T\000a\000s\000k\000\040\000a\000n\000d\000\040\000S\000y\000s\000t\000e\000m}{part.4}% 120
\BOOKMARK [1][-]{section.17.1}{\376\377\000T\000h\000e\000\040\000S\000t\000r\000o\000n\000g\000e\000s\000t\000\040\000A\000p\000p\000a\000r\000e\000n\000t\000\040\000C\000o\000u\000n\000t\000e\000r\000e\000x\000a\000m\000p\000l\000e}{chapter.17}% 121
\BOOKMARK [1][-]{section.17.2}{\376\377\000W\000h\000y\000\040\000T\000h\000i\000s\000\040\000R\000e\000s\000o\000l\000v\000e\000s\000\040\000R\000a\000t\000h\000e\000r\000\040\000T\000h\000a\000n\000\040\000M\000e\000r\000e\000l\000y\000\040\000S\000i\000d\000e\000s\000t\000e\000p\000s\000\040\000t\000h\000e\000\040\000O\000b\000j\000e\000c\000t\000i\000o\000n}{chapter.17}% 122
\BOOKMARK [1][-]{section.17.3}{\376\377\000W\000h\000y\000\040\000P\000r\000o\000o\000f\000s\000\040\000D\000o\000\040\000N\000o\000t\000\040\000E\000x\000h\000i\000b\000i\000t\000\040\000C\000o\000m\000p\000o\000s\000i\000t\000i\000o\000n\000\040\000F\000a\000i\000l\000u\000r\000e}{chapter.17}% 123
\BOOKMARK [1][-]{section.17.4}{\376\377\000V\000e\000r\000i\000f\000i\000c\000a\000t\000i\000o\000n\000\040\000a\000s\000\040\000P\000r\000e\000s\000e\000r\000v\000a\000t\000i\000o\000n\000,\000\040\000E\000x\000p\000l\000a\000n\000a\000t\000i\000o\000n\000\040\000a\000s\000\040\000R\000e\000c\000o\000n\000s\000t\000i\000t\000u\000t\000i\000o\000n}{chapter.17}% 124
\BOOKMARK [0][-]{chapter.18}{\376\377\000L\000e\000g\000a\000l\000\040\000C\000o\000n\000t\000r\000a\000c\000t\000s\000:\000\040\000A\000d\000j\000u\000d\000i\000c\000a\000t\000i\000o\000n\000\040\000a\000s\000\040\000N\000o\000n\000-\000I\000n\000f\000o\000r\000m\000a\000t\000i\000o\000n\000a\000l\000\040\000R\000e\000s\000o\000l\000u\000t\000i\000o\000n}{part.4}% 125
\BOOKMARK [1][-]{section.18.1}{\376\377\000C\000o\000n\000t\000r\000a\000c\000t\000s\000\040\000a\000s\000\040\000A\000t\000t\000e\000m\000p\000t\000e\000d\000\040\000B\000r\000u\000t\000e\000-\000F\000o\000r\000c\000e\000\040\000C\000l\000o\000s\000u\000r\000e}{chapter.18}% 126
\BOOKMARK [1][-]{section.18.2}{\376\377\000A\000d\000j\000u\000d\000i\000c\000a\000t\000i\000o\000n\000,\000\040\000W\000o\000r\000k\000e\000d}{chapter.18}% 127
\BOOKMARK [1][-]{section.18.3}{\376\377\000L\000i\000t\000i\000g\000a\000t\000i\000n\000g\000\040\000I\000n\000t\000e\000n\000t\000\040\000a\000s\000\040\000R\000e\000c\000o\000n\000s\000t\000i\000t\000u\000t\000i\000o\000n}{chapter.18}% 128
\BOOKMARK [0][-]{chapter.19}{\376\377\000S\000c\000i\000e\000n\000t\000i\000f\000i\000c\000\040\000T\000h\000e\000o\000r\000i\000e\000s\000:\000\040\000R\000e\000v\000i\000s\000i\000o\000n\000\040\000a\000s\000\040\000R\000e\000l\000a\000y\000\040\000R\000e\000p\000l\000a\000c\000e\000m\000e\000n\000t}{part.4}% 129
\BOOKMARK [1][-]{section.19.1}{\376\377\000A\000\040\000T\000h\000e\000o\000r\000y\000\040\000a\000s\000\040\000a\000\040\000F\000i\000n\000i\000t\000e\000\040\000S\000u\000b\000s\000t\000r\000a\000t\000e\000\040\000f\000o\000r\000\040\000a\000n\000\040\000O\000p\000e\000n\000\040\000O\000b\000s\000e\000r\000v\000a\000t\000i\000o\000n\000\040\000S\000p\000a\000c\000e}{chapter.19}% 130
\BOOKMARK [1][-]{section.19.2}{\376\377\000R\000e\000v\000i\000s\000i\000o\000n\000,\000\040\000N\000o\000t\000\040\000A\000u\000g\000m\000e\000n\000t\000a\000t\000i\000o\000n}{chapter.19}% 131
\BOOKMARK [1][-]{section.19.3}{\376\377\000A\000\040\000N\000o\000t\000e\000\040\000o\000n\000\040\000A\000d\000j\000a\000c\000e\000n\000t\000\040\000D\000e\000b\000a\000t\000e\000s}{chapter.19}% 132
\BOOKMARK [1][-]{section.19.4}{\376\377\000S\000c\000i\000e\000n\000t\000i\000f\000i\000c\000\040\000R\000e\000v\000o\000l\000u\000t\000i\000o\000n\000s\000\040\000a\000s\000\040\000R\000e\000l\000a\000y\000\040\000R\000e\000p\000l\000a\000c\000e\000m\000e\000n\000t}{chapter.19}% 133
\BOOKMARK [0][-]{chapter.20}{\376\377\000M\000e\000m\000o\000r\000y\000:\000\040\000R\000e\000c\000o\000n\000s\000t\000i\000t\000u\000t\000i\000o\000n\000\040\000a\000n\000d\000\040\000t\000h\000e\000\040\000R\000e\000c\000u\000r\000s\000i\000v\000e\000\040\000L\000i\000m\000i\000t}{part.4}% 134
\BOOKMARK [1][-]{section.20.1}{\376\377\000M\000e\000m\000o\000r\000y\000\040\000a\000s\000\040\000a\000\040\000T\000h\000r\000e\000e\000-\000S\000t\000a\000g\000e\000\040\000R\000e\000l\000a\000y}{chapter.20}% 135
\BOOKMARK [1][-]{section.20.2}{\376\377\000S\000c\000h\000e\000m\000a\000-\000D\000r\000i\000v\000e\000n\000\040\000C\000o\000n\000f\000i\000d\000e\000n\000t\000\040\000E\000r\000r\000o\000r}{chapter.20}% 136
\BOOKMARK [0][-]{chapter.21}{\376\377\000M\000e\000d\000i\000a\000\040\000P\000i\000p\000e\000l\000i\000n\000e\000s\000:\000\040\000B\000u\000d\000g\000e\000t\000\040\000R\000e\000l\000a\000y\000s\000\040\000M\000a\000d\000e\000\040\000C\000o\000n\000c\000r\000e\000t\000e}{part.4}% 137
\BOOKMARK [1][-]{section.21.1}{\376\377\000T\000h\000e\000\040\000F\000u\000l\000l\000\040\000W\000o\000r\000k\000e\000d\000\040\000C\000h\000a\000i\000n\000,\000\040\000N\000a\000m\000e\000d\000\040\000a\000n\000d\000\040\000N\000u\000m\000b\000e\000r\000e\000d}{chapter.21}% 138
\BOOKMARK [1][-]{section.21.2}{\376\377\000F\000a\000n\000-\000O\000u\000t\000,\000\040\000C\000o\000n\000c\000r\000e\000t\000i\000z\000e\000d}{chapter.21}% 139
\BOOKMARK [1][-]{section.21.3}{\376\377\000P\000r\000a\000c\000t\000i\000c\000a\000l\000\040\000R\000e\000c\000o\000m\000m\000e\000n\000d\000a\000t\000i\000o\000n\000s}{chapter.21}% 140
\BOOKMARK [-1][-]{part.5}{\376\377\000V\000\040\000S\000y\000n\000t\000h\000e\000s\000i\000s}{}% 141
\BOOKMARK [0][-]{chapter.22}{\376\377\000T\000h\000e\000\040\000C\000l\000o\000s\000i\000n\000g\000\040\000S\000t\000a\000t\000e\000m\000e\000n\000t}{part.5}% 142
\BOOKMARK [1][-]{section.22.1}{\376\377\000R\000e\000s\000t\000a\000t\000i\000n\000g\000\040\000t\000h\000e\000\040\000A\000r\000c}{chapter.22}% 143
\BOOKMARK [1][-]{section.22.2}{\376\377\000T\000h\000e\000\040\000C\000l\000o\000s\000i\000n\000g\000\040\000S\000t\000a\000t\000e\000m\000e\000n\000t}{chapter.22}% 144
\BOOKMARK [1][-]{section.22.3}{\376\377\000W\000h\000a\000t\000\040\000R\000e\000m\000a\000i\000n\000s\000\040\000O\000p\000e\000n}{chapter.22}% 145
\BOOKMARK [1][-]{section.22.4}{\376\377\000W\000h\000a\000t\000\040\000T\000h\000i\000s\000\040\000M\000o\000n\000o\000g\000r\000a\000p\000h\000\040\000D\000o\000e\000s\000\040\000N\000o\000t\000\040\000C\000l\000a\000i\000m}{chapter.22}% 146
\BOOKMARK [1][-]{section.22.5}{\376\377\000T\000h\000e\000\040\000S\000t\000r\000o\000n\000g\000e\000s\000t\000\040\000O\000b\000j\000e\000c\000t\000i\000o\000n}{chapter.22}% 147
\BOOKMARK [1][-]{section.22.6}{\376\377\000F\000u\000t\000u\000r\000e\000\040\000R\000e\000s\000e\000a\000r\000c\000h\000\040\000D\000i\000r\000e\000c\000t\000i\000o\000n\000s}{chapter.22}% 148
\BOOKMARK [0][-]{appendix.A}{\376\377\000F\000u\000l\000l\000\040\000P\000r\000o\000o\000f\000\040\000o\000f\000\040\000t\000h\000e\000\040\000C\000o\000m\000p\000o\000s\000i\000t\000i\000o\000n\000\040\000F\000a\000i\000l\000u\000r\000e\000\040\000T\000h\000e\000o\000r\000e\000m}{part.5}% 149
\BOOKMARK [1][-]{section.A.1}{\376\377\000R\000e\000c\000o\000v\000e\000r\000y\000\040\000T\000a\000s\000k\000s\000\040\000a\000n\000d\000\040\000t\000h\000e\000\040\000W\000i\000t\000n\000e\000s\000s\000i\000n\000g\000\040\000T\000a\000s\000k\000\040\000F\000a\000m\000i\000l\000y}{appendix.A}% 150
\BOOKMARK [1][-]{section.A.2}{\376\377\000A\000\040\000C\000o\000n\000s\000t\000r\000u\000c\000t\000i\000o\000n\000-\000I\000n\000d\000e\000p\000e\000n\000d\000e\000n\000t\000\040\000E\000x\000h\000a\000u\000s\000t\000i\000o\000n\000\040\000L\000e\000m\000m\000a}{appendix.A}% 151
\BOOKMARK [1][-]{section.A.3}{\376\377\000R\000e\000c\000a\000l\000l\000i\000n\000g\000\040\000L\000o\000c\000a\000l\000\040\000A\000d\000m\000i\000s\000s\000i\000b\000i\000l\000i\000t\000y}{appendix.A}% 152
\BOOKMARK [1][-]{section.A.4}{\376\377\000T\000h\000e\000\040\000C\000a\000n\000o\000n\000i\000c\000a\000l\000\040\000W\000i\000t\000n\000e\000s\000s}{appendix.A}% 153
\BOOKMARK [1][-]{section.A.5}{\376\377\000E\000x\000t\000e\000n\000s\000i\000o\000n\000\040\000t\000o\000\040\000A\000r\000b\000i\000t\000r\000a\000r\000y\000\040\000R\000e\000l\000a\000y\000\040\000L\000e\000n\000g\000t\000h}{appendix.A}% 154
\BOOKMARK [1][-]{section.A.6}{\376\377\000P\000r\000o\000o\000f\000\040\000o\000f\000\040\000T\000h\000e\000o\000r\000e\000m\000\040\0001\0000\000.\0002}{appendix.A}% 155
\BOOKMARK [1][-]{section.A.7}{\376\377\000V\000e\000r\000i\000f\000y\000i\000n\000g\000\040\000t\000h\000e\000\040\000C\000o\000r\000o\000l\000l\000a\000r\000i\000e\000s}{appendix.A}% 156
\BOOKMARK [1][-]{section.A.8}{\376\377\000W\000h\000a\000t\000\040\000T\000h\000i\000s\000\040\000P\000r\000o\000o\000f\000\040\000D\000o\000e\000s\000\040\000N\000o\000t\000\040\000E\000s\000t\000a\000b\000l\000i\000s\000h}{appendix.A}% 157
\BOOKMARK [0][-]{appendix.B}{\376\377\000N\000o\000t\000a\000t\000i\000o\000n\000\040\000R\000e\000f\000e\000r\000e\000n\000c\000e}{part.5}% 158
\BOOKMARK [0][-]{appendix.C}{\376\377\000R\000e\000l\000a\000t\000i\000o\000n\000\040\000t\000o\000\040\000C\000o\000n\000s\000e\000r\000v\000a\000t\000i\000o\000n\000\040\000o\000f\000\040\000A\000m\000b\000i\000g\000u\000i\000t\000y\000:\000\040\000A\000\040\000S\000i\000d\000e\000-\000b\000y\000-\000S\000i\000d\000e\000\040\000C\000o\000m\000p\000a\000r\000i\000s\000o\000n}{part.5}% 159
\BOOKMARK [1][-]{section.C.1}{\376\377\000W\000h\000y\000\040\000O\000n\000e\000\040\000D\000o\000e\000s\000\040\000N\000o\000t\000\040\000R\000e\000d\000u\000c\000e\000\040\000t\000o\000\040\000t\000h\000e\000\040\000O\000t\000h\000e\000r}{appendix.C}% 160
\BOOKMARK [0][-]{appendix.D}{\376\377\000E\000x\000t\000e\000n\000d\000e\000d\000\040\000W\000o\000r\000k\000e\000d\000\040\000E\000x\000a\000m\000p\000l\000e\000s}{part.5}% 161
\BOOKMARK [1][-]{section.D.1}{\376\377\000M\000a\000n\000u\000s\000c\000r\000i\000p\000t\000\040\000T\000r\000a\000n\000s\000m\000i\000s\000s\000i\000o\000n}{appendix.D}% 162
\BOOKMARK [1][-]{section.D.2}{\376\377\000O\000r\000a\000l\000\040\000T\000r\000a\000d\000i\000t\000i\000o\000n}{appendix.D}% 163
\BOOKMARK [1][-]{section.D.3}{\376\377\000B\000i\000o\000l\000o\000g\000i\000c\000a\000l\000\040\000I\000n\000h\000e\000r\000i\000t\000a\000n\000c\000e}{appendix.D}% 164
\BOOKMARK [0][-]{appendix.E}{\376\377\000T\000o\000w\000a\000r\000d\000\040\000a\000\040\000S\000i\000m\000u\000l\000a\000t\000i\000o\000n\000\040\000F\000r\000a\000m\000e\000w\000o\000r\000k}{part.5}% 165
\BOOKMARK [0][-]{appendix.F}{\376\377\000O\000p\000e\000n\000\040\000Q\000u\000e\000s\000t\000i\000o\000n\000s\000\040\000R\000e\000g\000i\000s\000t\000e\000r}{part.5}% 166
\BOOKMARK [0][-]{appendix*.5}{\376\377\000B\000i\000b\000l\000i\000o\000g\000r\000a\000p\000h\000y\000\040\000N\000o\000t\000e}{part.5}% 167
