
============================================================
Monotonic Artifact Committer
Started: Sat Jul  4 20:33:29 ADT 2026
Root: resources/processing
Log: artifact-run-20260704-203329.log
============================================================

Artifact inventory:
------------------------------------------------------------
     1	resources/processing/Turning_Vim_into_a_3D_game.json
     2	resources/processing/Turning_Vim_into_a_3D_game.mp3
     3	resources/processing/Turning_Vim_into_a_3D_game.srt
     4	resources/processing/Turning_Vim_into_a_3D_game.tsv
     5	resources/processing/Turning_Vim_into_a_3D_game.txt
     6	resources/processing/Turning_Vim_into_a_3D_game.vtt
     7	resources/processing/Unfreezing_digital_media_with_source_first_architecture.json
     8	resources/processing/Unfreezing_digital_media_with_source_first_architecture.mp3
     9	resources/processing/Unfreezing_digital_media_with_source_first_architecture.srt
    10	resources/processing/Unfreezing_digital_media_with_source_first_architecture.tsv
    11	resources/processing/Unfreezing_digital_media_with_source_first_architecture.txt
    12	resources/processing/Unfreezing_digital_media_with_source_first_architecture.vtt
    13	resources/processing/Why_Reality_is_the_Best_Computer.json
    14	resources/processing/Why_Reality_is_the_Best_Computer.mp3
    15	resources/processing/Why_Reality_is_the_Best_Computer.srt
    16	resources/processing/Why_Reality_is_the_Best_Computer.tsv
    17	resources/processing/Why_Reality_is_the_Best_Computer.txt
    18	resources/processing/Why_Reality_is_the_Best_Computer.vtt
    19	resources/processing/buffer-world.aux
    20	resources/processing/buffer-world.fdb_latexmk
    21	resources/processing/buffer-world.fls
    22	resources/processing/buffer-world.log
    23	resources/processing/buffer-world.out
    24	resources/processing/buffer-world.pdf
    25	resources/processing/buffer-world.tex
    26	resources/processing/buffer-world.toc
    27	resources/processing/continuation-under-constraint-(unfinished).pdf
    28	resources/processing/corrections.log
    29	resources/processing/draft/plenumhub-polyxan.aux
    30	resources/processing/draft/plenumhub-polyxan.fdb_latexmk
    31	resources/processing/draft/plenumhub-polyxan.fls
    32	resources/processing/draft/plenumhub-polyxan.log
    33	resources/processing/draft/plenumhub-polyxan.out
    34	resources/processing/draft/plenumhub-polyxan.pdf
    35	resources/processing/draft/plenumhub-polyxan.tex
    36	resources/processing/draft/plenumhub-polyxan.xdv
    37	resources/processing/file-list.txt
    38	resources/processing/fix_transcription_errors.sh
    39	resources/processing/geometry_of_correction.aux
    40	resources/processing/geometry_of_correction.fdb_latexmk
    41	resources/processing/geometry_of_correction.fls
    42	resources/processing/geometry_of_correction.log
    43	resources/processing/geometry_of_correction.out
    44	resources/processing/geometry_of_correction.pdf
    45	resources/processing/geometry_of_correction.tex
    46	resources/processing/geometry_of_correction.toc
    47	resources/processing/geometry_of_correction.xdv
    48	resources/processing/in_progress/appendices/appA_proof.aux
    49	resources/processing/in_progress/appendices/appA_proof.tex
    50	resources/processing/in_progress/appendices/appB_notation.aux
    51	resources/processing/in_progress/appendices/appB_notation.tex
    52	resources/processing/in_progress/appendices/appC_comparison.aux
    53	resources/processing/in_progress/appendices/appC_comparison.tex
    54	resources/processing/in_progress/appendices/appD_extended_examples.aux
    55	resources/processing/in_progress/appendices/appD_extended_examples.tex
    56	resources/processing/in_progress/appendices/appE_simulation.aux
    57	resources/processing/in_progress/appendices/appE_simulation.tex
    58	resources/processing/in_progress/appendices/appF_open_questions.aux
    59	resources/processing/in_progress/appendices/appF_open_questions.tex
    60	resources/processing/in_progress/backmatter/bibliography_note.aux
    61	resources/processing/in_progress/backmatter/bibliography_note.tex
    62	resources/processing/in_progress/chapters/ch01_continuation_problem.aux
    63	resources/processing/in_progress/chapters/ch01_continuation_problem.tex
    64	resources/processing/in_progress/chapters/ch02_distinctions.aux
    65	resources/processing/in_progress/chapters/ch02_distinctions.tex
    66	resources/processing/in_progress/chapters/ch03_admissibility.aux
    67	resources/processing/in_progress/chapters/ch03_admissibility.tex
    68	resources/processing/in_progress/chapters/ch04_repair_economics.aux
    69	resources/processing/in_progress/chapters/ch04_repair_economics.tex
    70	resources/processing/in_progress/chapters/ch05_synchronic_to_diachronic.aux
    71	resources/processing/in_progress/chapters/ch05_synchronic_to_diachronic.tex
    72	resources/processing/in_progress/chapters/ch06_budget_relay.aux
    73	resources/processing/in_progress/chapters/ch06_budget_relay.tex
    74	resources/processing/in_progress/chapters/ch07_coordination.aux
    75	resources/processing/in_progress/chapters/ch07_coordination.tex
    76	resources/processing/in_progress/chapters/ch08_fanout.aux
    77	resources/processing/in_progress/chapters/ch08_fanout.tex
    78	resources/processing/in_progress/chapters/ch09_composition_failure.aux
    79	resources/processing/in_progress/chapters/ch09_composition_failure.tex
    80	resources/processing/in_progress/chapters/ch10_fidelity_continuum.aux
    81	resources/processing/in_progress/chapters/ch10_fidelity_continuum.tex
    82	resources/processing/in_progress/chapters/ch11_mem8.aux
    83	resources/processing/in_progress/chapters/ch11_mem8.tex
    84	resources/processing/in_progress/chapters/ch12_mode_relativity.aux
    85	resources/processing/in_progress/chapters/ch12_mode_relativity.tex
    86	resources/processing/in_progress/chapters/ch13_chess.aux
    87	resources/processing/in_progress/chapters/ch13_chess.tex
    88	resources/processing/in_progress/chapters/ch14_painting.aux
    89	resources/processing/in_progress/chapters/ch14_painting.tex
    90	resources/processing/in_progress/chapters/ch15_maps.aux
    91	resources/processing/in_progress/chapters/ch15_maps.tex
    92	resources/processing/in_progress/chapters/ch16_proofs.aux
    93	resources/processing/in_progress/chapters/ch16_proofs.tex
    94	resources/processing/in_progress/chapters/ch17_contracts.aux
    95	resources/processing/in_progress/chapters/ch17_contracts.tex
    96	resources/processing/in_progress/chapters/ch18_science.aux
    97	resources/processing/in_progress/chapters/ch18_science.tex
    98	resources/processing/in_progress/chapters/ch19_memory.aux
    99	resources/processing/in_progress/chapters/ch19_memory.tex
   100	resources/processing/in_progress/chapters/ch20_pipelines.aux
   101	resources/processing/in_progress/chapters/ch20_pipelines.tex
   102	resources/processing/in_progress/chapters/ch21_synthesis.aux
   103	resources/processing/in_progress/chapters/ch21_synthesis.tex
   104	resources/processing/in_progress/continuation-under-constraint-(unfinished).pdf
   105	resources/processing/in_progress/frontmatter/abstract.aux
   106	resources/processing/in_progress/frontmatter/abstract.tex
   107	resources/processing/in_progress/frontmatter/epistemic_status.aux
   108	resources/processing/in_progress/frontmatter/epistemic_status.tex
   109	resources/processing/in_progress/frontmatter/relation_to_prior_work.aux
   110	resources/processing/in_progress/frontmatter/relation_to_prior_work.tex
   111	resources/processing/in_progress/main.aux
   112	resources/processing/in_progress/main.idx
   113	resources/processing/in_progress/main.log
   114	resources/processing/in_progress/main.out
   115	resources/processing/in_progress/main.pdf
   116	resources/processing/in_progress/main.tex
   117	resources/processing/in_progress/main.toc
   118	resources/processing/in_progress/preamble.tex
   119	resources/processing/plenumhub-polyxan.aux
   120	resources/processing/plenumhub-polyxan.fdb_latexmk
   121	resources/processing/plenumhub-polyxan.fls
   122	resources/processing/plenumhub-polyxan.log
   123	resources/processing/plenumhub-polyxan.out
   124	resources/processing/plenumhub-polyxan.pdf
   125	resources/processing/plenumhub-polyxan.tex
------------------------------------------------------------


============================================================
[1/125]
Time: Sat Jul  4 20:33:30 ADT 2026
File: resources/processing/Turning_Vim_into_a_3D_game.json
Commit: Add metadata artifact: Turning_Vim_into_a_3D_game.json
============================================================
[main cac0b76] Add metadata artifact: Turning_Vim_into_a_3D_game.json
 1 file changed, 1 insertion(+)
 create mode 100644 resources/processing/Turning_Vim_into_a_3D_game.json

Pushing...
git: 'credential-manager-core' is not a git command. See 'git --help'.
To https://github.com/standardgalactic/antivenom
   afd6ec2..cac0b76  main -> main

Commit hash: cac0b76
Sleeping 14s...

============================================================
[2/125]
Time: Sat Jul  4 20:33:46 ADT 2026
File: resources/processing/Turning_Vim_into_a_3D_game.mp3
Commit: Add audio artifact: Turning_Vim_into_a_3D_game.mp3
============================================================
[main aae3e2a] Add audio artifact: Turning_Vim_into_a_3D_game.mp3
 1 file changed, 0 insertions(+), 0 deletions(-)
 create mode 100644 resources/processing/Turning_Vim_into_a_3D_game.mp3

Pushing...
git: 'credential-manager-core' is not a git command. See 'git --help'.
To https://github.com/standardgalactic/antivenom
   cac0b76..aae3e2a  main -> main

Commit hash: aae3e2a
Sleeping 14s...

============================================================
[3/125]
Time: Sat Jul  4 20:34:12 ADT 2026
File: resources/processing/Turning_Vim_into_a_3D_game.srt
Commit: Add subtitle artifact: Turning_Vim_into_a_3D_game.srt
============================================================
[main ca65816] Add subtitle artifact: Turning_Vim_into_a_3D_game.srt
 1 file changed, 1596 insertions(+)
 create mode 100644 resources/processing/Turning_Vim_into_a_3D_game.srt

Pushing...
git: 'credential-manager-core' is not a git command. See 'git --help'.
To https://github.com/standardgalactic/antivenom
   aae3e2a..ca65816  main -> main

Commit hash: ca65816
Sleeping 9s...

============================================================
[4/125]
Time: Sat Jul  4 20:34:23 ADT 2026
File: resources/processing/Turning_Vim_into_a_3D_game.tsv
Commit: Add alignment artifact: Turning_Vim_into_a_3D_game.tsv
============================================================
[main be154d7] Add alignment artifact: Turning_Vim_into_a_3D_game.tsv
 1 file changed, 400 insertions(+)
 create mode 100644 resources/processing/Turning_Vim_into_a_3D_game.tsv

Pushing...
git: 'credential-manager-core' is not a git command. See 'git --help'.
To https://github.com/standardgalactic/antivenom
   ca65816..be154d7  main -> main

Commit hash: be154d7
Sleeping 10s...

============================================================
[5/125]
Time: Sat Jul  4 20:34:36 ADT 2026
File: resources/processing/Turning_Vim_into_a_3D_game.txt
Commit: Add transcript artifact: Turning_Vim_into_a_3D_game.txt
============================================================
[main 94cf3f7] Add transcript artifact: Turning_Vim_into_a_3D_game.txt
 1 file changed, 399 insertions(+)
 create mode 100644 resources/processing/Turning_Vim_into_a_3D_game.txt

Pushing...
git: 'credential-manager-core' is not a git command. See 'git --help'.
To https://github.com/standardgalactic/antivenom
   be154d7..94cf3f7  main -> main

Commit hash: 94cf3f7
Sleeping 6s...

============================================================
[6/125]
Time: Sat Jul  4 20:34:44 ADT 2026
File: resources/processing/Turning_Vim_into_a_3D_game.vtt
Commit: Add caption artifact: Turning_Vim_into_a_3D_game.vtt
============================================================
[main 884f84d] Add caption artifact: Turning_Vim_into_a_3D_game.vtt
 1 file changed, 1199 insertions(+)
 create mode 100644 resources/processing/Turning_Vim_into_a_3D_game.vtt

Pushing...
git: 'credential-manager-core' is not a git command. See 'git --help'.
To https://github.com/standardgalactic/antivenom
   94cf3f7..884f84d  main -> main

Commit hash: 884f84d
Sleeping 10s...

============================================================
[7/125]
Time: Sat Jul  4 20:34:57 ADT 2026
File: resources/processing/Unfreezing_digital_media_with_source_first_architecture.json
Commit: Add metadata artifact: Unfreezing_digital_media_with_source_first_architecture.json
============================================================
[main e4ff598] Add metadata artifact: Unfreezing_digital_media_with_source_first_architecture.json
 1 file changed, 1 insertion(+)
 create mode 100644 resources/processing/Unfreezing_digital_media_with_source_first_architecture.json

Pushing...
git: 'credential-manager-core' is not a git command. See 'git --help'.
To https://github.com/standardgalactic/antivenom
   884f84d..e4ff598  main -> main

Commit hash: e4ff598
Sleeping 15s...

============================================================
[8/125]
Time: Sat Jul  4 20:35:15 ADT 2026
File: resources/processing/Unfreezing_digital_media_with_source_first_architecture.mp3
Commit: Add audio artifact: Unfreezing_digital_media_with_source_first_architecture.mp3
============================================================
[main b7b7f66] Add audio artifact: Unfreezing_digital_media_with_source_first_architecture.mp3
 1 file changed, 0 insertions(+), 0 deletions(-)
 create mode 100644 resources/processing/Unfreezing_digital_media_with_source_first_architecture.mp3

Pushing...
git: 'credential-manager-core' is not a git command. See 'git --help'.
To https://github.com/standardgalactic/antivenom
   e4ff598..b7b7f66  main -> main

Commit hash: b7b7f66
Sleeping 15s...

============================================================
[9/125]
Time: Sat Jul  4 20:35:43 ADT 2026
File: resources/processing/Unfreezing_digital_media_with_source_first_architecture.srt
Commit: Add subtitle artifact: Unfreezing_digital_media_with_source_first_architecture.srt
============================================================
[main 38a9c14] Add subtitle artifact: Unfreezing_digital_media_with_source_first_architecture.srt
 1 file changed, 3332 insertions(+)
 create mode 100644 resources/processing/Unfreezing_digital_media_with_source_first_architecture.srt

Pushing...
git: 'credential-manager-core' is not a git command. See 'git --help'.
To https://github.com/standardgalactic/antivenom
   b7b7f66..38a9c14  main -> main

Commit hash: 38a9c14
Sleeping 14s...

============================================================
[10/125]
Time: Sat Jul  4 20:36:03 ADT 2026
File: resources/processing/Unfreezing_digital_media_with_source_first_architecture.tsv
Commit: Add alignment artifact: Unfreezing_digital_media_with_source_first_architecture.tsv
============================================================
[main 64fc6c2] Add alignment artifact: Unfreezing_digital_media_with_source_first_architecture.tsv
 1 file changed, 834 insertions(+)
 create mode 100644 resources/processing/Unfreezing_digital_media_with_source_first_architecture.tsv

Pushing...
git: 'credential-manager-core' is not a git command. See 'git --help'.
To https://github.com/standardgalactic/antivenom
   38a9c14..64fc6c2  main -> main

Commit hash: 64fc6c2
Sleeping 13s...

============================================================
[11/125]
Time: Sat Jul  4 20:36:18 ADT 2026
File: resources/processing/Unfreezing_digital_media_with_source_first_architecture.txt
Commit: Add transcript artifact: Unfreezing_digital_media_with_source_first_architecture.txt
============================================================
[main c83246b] Add transcript artifact: Unfreezing_digital_media_with_source_first_architecture.txt
 1 file changed, 833 insertions(+)
 create mode 100644 resources/processing/Unfreezing_digital_media_with_source_first_architecture.txt

Pushing...
git: 'credential-manager-core' is not a git command. See 'git --help'.
To https://github.com/standardgalactic/antivenom
   64fc6c2..c83246b  main -> main

Commit hash: c83246b
Sleeping 9s...

============================================================
[12/125]
Time: Sat Jul  4 20:36:29 ADT 2026
File: resources/processing/Unfreezing_digital_media_with_source_first_architecture.vtt
Commit: Add caption artifact: Unfreezing_digital_media_with_source_first_architecture.vtt
============================================================
[main 75366bd] Add caption artifact: Unfreezing_digital_media_with_source_first_architecture.vtt
 1 file changed, 2501 insertions(+)
 create mode 100644 resources/processing/Unfreezing_digital_media_with_source_first_architecture.vtt

Pushing...
git: 'credential-manager-core' is not a git command. See 'git --help'.
To https://github.com/standardgalactic/antivenom
   c83246b..75366bd  main -> main

Commit hash: 75366bd
Sleeping 5s...

============================================================
[13/125]
Time: Sat Jul  4 20:36:36 ADT 2026
File: resources/processing/Why_Reality_is_the_Best_Computer.json
Commit: Add metadata artifact: Why_Reality_is_the_Best_Computer.json
============================================================
[main 8548613] Add metadata artifact: Why_Reality_is_the_Best_Computer.json
 1 file changed, 1 insertion(+)
 create mode 100644 resources/processing/Why_Reality_is_the_Best_Computer.json

Pushing...
git: 'credential-manager-core' is not a git command. See 'git --help'.
To https://github.com/standardgalactic/antivenom
   75366bd..8548613  main -> main

Commit hash: 8548613
Sleeping 7s...

[SKIP] Already tracked: resources/processing/Why_Reality_is_the_Best_Computer.mp3

============================================================
[15/125]
Time: Sat Jul  4 20:36:46 ADT 2026
File: resources/processing/Why_Reality_is_the_Best_Computer.srt
Commit: Add subtitle artifact: Why_Reality_is_the_Best_Computer.srt
============================================================
[main 1ff9f87] Add subtitle artifact: Why_Reality_is_the_Best_Computer.srt
 1 file changed, 4144 insertions(+)
 create mode 100644 resources/processing/Why_Reality_is_the_Best_Computer.srt

Pushing...
git: 'credential-manager-core' is not a git command. See 'git --help'.
To https://github.com/standardgalactic/antivenom
   8548613..1ff9f87  main -> main

Commit hash: 1ff9f87
Sleeping 13s...

============================================================
[16/125]
Time: Sat Jul  4 20:37:01 ADT 2026
File: resources/processing/Why_Reality_is_the_Best_Computer.tsv
Commit: Add alignment artifact: Why_Reality_is_the_Best_Computer.tsv
============================================================
[main 49ce09d] Add alignment artifact: Why_Reality_is_the_Best_Computer.tsv
 1 file changed, 1037 insertions(+)
 create mode 100644 resources/processing/Why_Reality_is_the_Best_Computer.tsv

Pushing...
git: 'credential-manager-core' is not a git command. See 'git --help'.
To https://github.com/standardgalactic/antivenom
   1ff9f87..49ce09d  main -> main

Commit hash: 49ce09d
Sleeping 5s...

[SKIP] Already tracked: resources/processing/Why_Reality_is_the_Best_Computer.txt

[SKIP] Already tracked: resources/processing/Why_Reality_is_the_Best_Computer.vtt

============================================================
[19/125]
Time: Sat Jul  4 20:37:08 ADT 2026
File: resources/processing/buffer-world.aux
Commit: Add build state artifact: buffer-world.aux
============================================================
[main 0ee5a48] Add build state artifact: buffer-world.aux
 1 file changed, 113 insertions(+)
 create mode 100644 resources/processing/buffer-world.aux

Pushing...
git: 'credential-manager-core' is not a git command. See 'git --help'.
To https://github.com/standardgalactic/antivenom
   49ce09d..0ee5a48  main -> main

Commit hash: 0ee5a48
Sleeping 14s...

============================================================
[20/125]
Time: Sat Jul  4 20:37:24 ADT 2026
File: resources/processing/buffer-world.fdb_latexmk
Commit: Add compilation database artifact: buffer-world.fdb_latexmk
============================================================
[main 0125379] Add compilation database artifact: buffer-world.fdb_latexmk
 1 file changed, 177 insertions(+)
 create mode 100644 resources/processing/buffer-world.fdb_latexmk

Pushing...
git: 'credential-manager-core' is not a git command. See 'git --help'.
To https://github.com/standardgalactic/antivenom
   0ee5a48..0125379  main -> main

Commit hash: 0125379
Sleeping 7s...

============================================================
[21/125]
Time: Sat Jul  4 20:37:33 ADT 2026
File: resources/processing/buffer-world.fls
Commit: Add dependency artifact: buffer-world.fls
============================================================
[main 43c5b7c] Add dependency artifact: buffer-world.fls
 1 file changed, 186 insertions(+)
 create mode 100644 resources/processing/buffer-world.fls

Pushing...
git: 'credential-manager-core' is not a git command. See 'git --help'.
To https://github.com/standardgalactic/antivenom
   0125379..43c5b7c  main -> main

Commit hash: 43c5b7c
Sleeping 7s...

============================================================
[22/125]
Time: Sat Jul  4 20:37:43 ADT 2026
File: resources/processing/buffer-world.log
Commit: Add process trace artifact: buffer-world.log
============================================================
[main 45c7c8a] Add process trace artifact: buffer-world.log
 1 file changed, 942 insertions(+)
 create mode 100644 resources/processing/buffer-world.log

Pushing...
git: 'credential-manager-core' is not a git command. See 'git --help'.
To https://github.com/standardgalactic/antivenom
   43c5b7c..45c7c8a  main -> main

Commit hash: 45c7c8a
Sleeping 8s...

============================================================
[23/125]
Time: Sat Jul  4 20:37:53 ADT 2026
File: resources/processing/buffer-world.out
Commit: Add generated output artifact: buffer-world.out
============================================================
[main 96f49c0] Add generated output artifact: buffer-world.out
 1 file changed, 43 insertions(+)
 create mode 100644 resources/processing/buffer-world.out

Pushing...
git: 'credential-manager-core' is not a git command. See 'git --help'.
To https://github.com/standardgalactic/antivenom
   45c7c8a..96f49c0  main -> main

Commit hash: 96f49c0
Sleeping 13s...

============================================================
[24/125]
Time: Sat Jul  4 20:38:08 ADT 2026
File: resources/processing/buffer-world.pdf
Commit: Add publication artifact: buffer-world.pdf
============================================================
[main d1c2619] Add publication artifact: buffer-world.pdf
 1 file changed, 0 insertions(+), 0 deletions(-)
 create mode 100644 resources/processing/buffer-world.pdf

Pushing...
git: 'credential-manager-core' is not a git command. See 'git --help'.
To https://github.com/standardgalactic/antivenom
   96f49c0..d1c2619  main -> main

Commit hash: d1c2619
Sleeping 5s...

============================================================
[25/125]
Time: Sat Jul  4 20:38:17 ADT 2026
File: resources/processing/buffer-world.tex
Commit: Add source artifact: buffer-world.tex
============================================================
[main 556c15d] Add source artifact: buffer-world.tex
 1 file changed, 1569 insertions(+)
 create mode 100644 resources/processing/buffer-world.tex

Pushing...
git: 'credential-manager-core' is not a git command. See 'git --help'.
To https://github.com/standardgalactic/antivenom
   d1c2619..556c15d  main -> main

Commit hash: 556c15d
Sleeping 7s...

============================================================
[26/125]
Time: Sat Jul  4 20:38:26 ADT 2026
File: resources/processing/buffer-world.toc
Commit: Add table-of-contents artifact: buffer-world.toc
============================================================
[main 4aeaf52] Add table-of-contents artifact: buffer-world.toc
 1 file changed, 43 insertions(+)
 create mode 100644 resources/processing/buffer-world.toc

Pushing...
git: 'credential-manager-core' is not a git command. See 'git --help'.
To https://github.com/standardgalactic/antivenom
   556c15d..4aeaf52  main -> main

Commit hash: 4aeaf52
Sleeping 9s...

============================================================
[27/125]
Time: Sat Jul  4 20:38:37 ADT 2026
File: resources/processing/continuation-under-constraint-(unfinished).pdf
Commit: Add publication artifact: continuation-under-constraint-(unfinished).pdf
============================================================
[main 3b7d970] Add publication artifact: continuation-under-constraint-(unfinished).pdf
 1 file changed, 0 insertions(+), 0 deletions(-)
 create mode 100644 resources/processing/continuation-under-constraint-(unfinished).pdf

Pushing...
git: 'credential-manager-core' is not a git command. See 'git --help'.
To https://github.com/standardgalactic/antivenom
   4aeaf52..3b7d970  main -> main

Commit hash: 3b7d970
Sleeping 8s...

============================================================
[28/125]
Time: Sat Jul  4 20:38:49 ADT 2026
File: resources/processing/corrections.log
Commit: Add process trace artifact: corrections.log
============================================================
[main fed4f8a] Add process trace artifact: corrections.log
 1 file changed, 307 insertions(+)
 create mode 100644 resources/processing/corrections.log

Pushing...
git: 'credential-manager-core' is not a git command. See 'git --help'.
To https://github.com/standardgalactic/antivenom
   3b7d970..fed4f8a  main -> main

Commit hash: fed4f8a
Sleeping 14s...

============================================================
[29/125]
Time: Sat Jul  4 20:39:05 ADT 2026
File: resources/processing/draft/plenumhub-polyxan.aux
Commit: Add build state artifact: plenumhub-polyxan.aux
============================================================
[main 01ad6f4] Add build state artifact: plenumhub-polyxan.aux
 1 file changed, 105 insertions(+)
 create mode 100644 resources/processing/draft/plenumhub-polyxan.aux

Pushing...
git: 'credential-manager-core' is not a git command. See 'git --help'.
To https://github.com/standardgalactic/antivenom
   fed4f8a..01ad6f4  main -> main

Commit hash: 01ad6f4
Sleeping 15s...

============================================================
[30/125]
Time: Sat Jul  4 20:39:24 ADT 2026
File: resources/processing/draft/plenumhub-polyxan.fdb_latexmk
Commit: Add compilation database artifact: plenumhub-polyxan.fdb_latexmk
============================================================
[main 89ac255] Add compilation database artifact: plenumhub-polyxan.fdb_latexmk
 1 file changed, 96 insertions(+)
 create mode 100644 resources/processing/draft/plenumhub-polyxan.fdb_latexmk

Pushing...
git: 'credential-manager-core' is not a git command. See 'git --help'.
To https://github.com/standardgalactic/antivenom
   01ad6f4..89ac255  main -> main

Commit hash: 89ac255
Sleeping 11s...

============================================================
[31/125]
Time: Sat Jul  4 20:39:39 ADT 2026
File: resources/processing/draft/plenumhub-polyxan.fls
Commit: Add dependency artifact: plenumhub-polyxan.fls
============================================================
[main 3c82670] Add dependency artifact: plenumhub-polyxan.fls
 1 file changed, 166 insertions(+)
 create mode 100644 resources/processing/draft/plenumhub-polyxan.fls

Pushing...
git: 'credential-manager-core' is not a git command. See 'git --help'.
To https://github.com/standardgalactic/antivenom
   89ac255..3c82670  main -> main

Commit hash: 3c82670
Sleeping 7s...

============================================================
[32/125]
Time: Sat Jul  4 20:39:48 ADT 2026
File: resources/processing/draft/plenumhub-polyxan.log
Commit: Add process trace artifact: plenumhub-polyxan.log
============================================================
[main 358e030] Add process trace artifact: plenumhub-polyxan.log
 1 file changed, 632 insertions(+)
 create mode 100644 resources/processing/draft/plenumhub-polyxan.log

Pushing...
git: 'credential-manager-core' is not a git command. See 'git --help'.
To https://github.com/standardgalactic/antivenom
   3c82670..358e030  main -> main

Commit hash: 358e030
Sleeping 9s...

============================================================
[33/125]
Time: Sat Jul  4 20:39:59 ADT 2026
File: resources/processing/draft/plenumhub-polyxan.out
Commit: Add generated output artifact: plenumhub-polyxan.out
============================================================
[main b853523] Add generated output artifact: plenumhub-polyxan.out
 1 file changed, 34 insertions(+)
 create mode 100644 resources/processing/draft/plenumhub-polyxan.out

Pushing...
git: 'credential-manager-core' is not a git command. See 'git --help'.
To https://github.com/standardgalactic/antivenom
   358e030..b853523  main -> main

Commit hash: b853523
Sleeping 11s...

============================================================
[34/125]
Time: Sat Jul  4 20:40:11 ADT 2026
File: resources/processing/draft/plenumhub-polyxan.pdf
Commit: Add publication artifact: plenumhub-polyxan.pdf
============================================================
[main 511d015] Add publication artifact: plenumhub-polyxan.pdf
 1 file changed, 0 insertions(+), 0 deletions(-)
 create mode 100644 resources/processing/draft/plenumhub-polyxan.pdf

Pushing...
git: 'credential-manager-core' is not a git command. See 'git --help'.
To https://github.com/standardgalactic/antivenom
   b853523..511d015  main -> main

Commit hash: 511d015
Sleeping 13s...

============================================================
[35/125]
Time: Sat Jul  4 20:40:26 ADT 2026
File: resources/processing/draft/plenumhub-polyxan.tex
Commit: Add source artifact: plenumhub-polyxan.tex
============================================================
[main 26227e3] Add source artifact: plenumhub-polyxan.tex
 1 file changed, 714 insertions(+)
 create mode 100644 resources/processing/draft/plenumhub-polyxan.tex

Pushing...
git: 'credential-manager-core' is not a git command. See 'git --help'.
To https://github.com/standardgalactic/antivenom
   511d015..26227e3  main -> main

Commit hash: 26227e3
Sleeping 8s...

============================================================
[36/125]
Time: Sat Jul  4 20:40:37 ADT 2026
File: resources/processing/draft/plenumhub-polyxan.xdv
Commit: Add XDV artifact: plenumhub-polyxan.xdv
============================================================
[main 081fd85] Add XDV artifact: plenumhub-polyxan.xdv
 1 file changed, 0 insertions(+), 0 deletions(-)
 create mode 100644 resources/processing/draft/plenumhub-polyxan.xdv

Pushing...
git: 'credential-manager-core' is not a git command. See 'git --help'.
To https://github.com/standardgalactic/antivenom
   26227e3..081fd85  main -> main

Commit hash: 081fd85
Sleeping 9s...

============================================================
[37/125]
Time: Sat Jul  4 20:40:48 ADT 2026
File: resources/processing/file-list.txt
Commit: Add transcript artifact: file-list.txt
============================================================
[main 0f92768] Add transcript artifact: file-list.txt
 1 file changed, 134 insertions(+)
 create mode 100644 resources/processing/file-list.txt

Pushing...
git: 'credential-manager-core' is not a git command. See 'git --help'.
To https://github.com/standardgalactic/antivenom
   081fd85..0f92768  main -> main

Commit hash: 0f92768
Sleeping 13s...

[SKIP] Already tracked: resources/processing/fix_transcription_errors.sh

============================================================
[39/125]
Time: Sat Jul  4 20:41:03 ADT 2026
File: resources/processing/geometry_of_correction.aux
Commit: Add build state artifact: geometry_of_correction.aux
============================================================
[main 84b0dbd] Add build state artifact: geometry_of_correction.aux
 1 file changed, 197 insertions(+)
 create mode 100644 resources/processing/geometry_of_correction.aux

Pushing...
git: 'credential-manager-core' is not a git command. See 'git --help'.
To https://github.com/standardgalactic/antivenom
   0f92768..84b0dbd  main -> main

Commit hash: 84b0dbd
Sleeping 8s...

[SKIP] Already tracked: resources/processing/geometry_of_correction.fdb_latexmk

[SKIP] Already tracked: resources/processing/geometry_of_correction.fls

============================================================
[42/125]
Time: Sat Jul  4 20:41:14 ADT 2026
File: resources/processing/geometry_of_correction.log
Commit: Add process trace artifact: geometry_of_correction.log
============================================================
[main 1f74192] Add process trace artifact: geometry_of_correction.log
 1 file changed, 3081 insertions(+)
 create mode 100644 resources/processing/geometry_of_correction.log

Pushing...
git: 'credential-manager-core' is not a git command. See 'git --help'.
To https://github.com/standardgalactic/antivenom
   84b0dbd..1f74192  main -> main

Commit hash: 1f74192
Sleeping 10s...

============================================================
[43/125]
Time: Sat Jul  4 20:41:26 ADT 2026
File: resources/processing/geometry_of_correction.out
Commit: Add generated output artifact: geometry_of_correction.out
============================================================
[main 1f1b70c] Add generated output artifact: geometry_of_correction.out
 1 file changed, 114 insertions(+)
 create mode 100644 resources/processing/geometry_of_correction.out

Pushing...
git: 'credential-manager-core' is not a git command. See 'git --help'.
To https://github.com/standardgalactic/antivenom
   1f74192..1f1b70c  main -> main

Commit hash: 1f1b70c
Sleeping 11s...

[SKIP] Already tracked: resources/processing/geometry_of_correction.pdf

[SKIP] Already tracked: resources/processing/geometry_of_correction.tex

[SKIP] Already tracked: resources/processing/geometry_of_correction.toc

[SKIP] Already tracked: resources/processing/geometry_of_correction.xdv

============================================================
[48/125]
Time: Sat Jul  4 20:41:39 ADT 2026
File: resources/processing/in_progress/appendices/appA_proof.aux
Commit: Add build state artifact: appA_proof.aux
============================================================
[main 185aa92] Add build state artifact: appA_proof.aux
 1 file changed, 56 insertions(+)
 create mode 100644 resources/processing/in_progress/appendices/appA_proof.aux

Pushing...
git: 'credential-manager-core' is not a git command. See 'git --help'.
To https://github.com/standardgalactic/antivenom
   1f1b70c..185aa92  main -> main

Commit hash: 185aa92
Sleeping 14s...

============================================================
[49/125]
Time: Sat Jul  4 20:41:55 ADT 2026
File: resources/processing/in_progress/appendices/appA_proof.tex
Commit: Add source artifact: appA_proof.tex
============================================================
[main dff355f] Add source artifact: appA_proof.tex
 1 file changed, 277 insertions(+)
 create mode 100644 resources/processing/in_progress/appendices/appA_proof.tex

Pushing...
git: 'credential-manager-core' is not a git command. See 'git --help'.
To https://github.com/standardgalactic/antivenom
   185aa92..dff355f  main -> main

Commit hash: dff355f
Sleeping 11s...

============================================================
[50/125]
Time: Sat Jul  4 20:42:08 ADT 2026
File: resources/processing/in_progress/appendices/appB_notation.aux
Commit: Add build state artifact: appB_notation.aux
============================================================
[main 0270993] Add build state artifact: appB_notation.aux
 1 file changed, 32 insertions(+)
 create mode 100644 resources/processing/in_progress/appendices/appB_notation.aux

Pushing...
git: 'credential-manager-core' is not a git command. See 'git --help'.
To https://github.com/standardgalactic/antivenom
   dff355f..0270993  main -> main

Commit hash: 0270993
Sleeping 14s...

============================================================
[51/125]
Time: Sat Jul  4 20:42:24 ADT 2026
File: resources/processing/in_progress/appendices/appB_notation.tex
Commit: Add source artifact: appB_notation.tex
============================================================
[main 2ea2cf5] Add source artifact: appB_notation.tex
 1 file changed, 42 insertions(+)
 create mode 100644 resources/processing/in_progress/appendices/appB_notation.tex

Pushing...
git: 'credential-manager-core' is not a git command. See 'git --help'.
To https://github.com/standardgalactic/antivenom
   0270993..2ea2cf5  main -> main

Commit hash: 2ea2cf5
Sleeping 15s...

============================================================
[52/125]
Time: Sat Jul  4 20:42:42 ADT 2026
File: resources/processing/in_progress/appendices/appC_comparison.aux
Commit: Add build state artifact: appC_comparison.aux
============================================================
[main cc45e6a] Add build state artifact: appC_comparison.aux
 1 file changed, 35 insertions(+)
 create mode 100644 resources/processing/in_progress/appendices/appC_comparison.aux

Pushing...
git: 'credential-manager-core' is not a git command. See 'git --help'.
To https://github.com/standardgalactic/antivenom
   2ea2cf5..cc45e6a  main -> main

Commit hash: cc45e6a
Sleeping 14s...

============================================================
[53/125]
Time: Sat Jul  4 20:42:58 ADT 2026
File: resources/processing/in_progress/appendices/appC_comparison.tex
Commit: Add source artifact: appC_comparison.tex
============================================================
[main 0e2eb5c] Add source artifact: appC_comparison.tex
 1 file changed, 89 insertions(+)
 create mode 100644 resources/processing/in_progress/appendices/appC_comparison.tex

Pushing...
git: 'credential-manager-core' is not a git command. See 'git --help'.
To https://github.com/standardgalactic/antivenom
   cc45e6a..0e2eb5c  main -> main

Commit hash: 0e2eb5c
Sleeping 15s...

============================================================
[54/125]
Time: Sat Jul  4 20:43:17 ADT 2026
File: resources/processing/in_progress/appendices/appD_extended_examples.aux
Commit: Add build state artifact: appD_extended_examples.aux
============================================================
[main 3820977] Add build state artifact: appD_extended_examples.aux
 1 file changed, 39 insertions(+)
 create mode 100644 resources/processing/in_progress/appendices/appD_extended_examples.aux

Pushing...
git: 'credential-manager-core' is not a git command. See 'git --help'.
To https://github.com/standardgalactic/antivenom
   0e2eb5c..3820977  main -> main

Commit hash: 3820977
Sleeping 5s...

============================================================
[55/125]
Time: Sat Jul  4 20:43:24 ADT 2026
File: resources/processing/in_progress/appendices/appD_extended_examples.tex
Commit: Add source artifact: appD_extended_examples.tex
============================================================
[main 776e66c] Add source artifact: appD_extended_examples.tex
 1 file changed, 136 insertions(+)
 create mode 100644 resources/processing/in_progress/appendices/appD_extended_examples.tex

Pushing...
git: 'credential-manager-core' is not a git command. See 'git --help'.
To https://github.com/standardgalactic/antivenom
   3820977..776e66c  main -> main

Commit hash: 776e66c
Sleeping 15s...

============================================================
[56/125]
Time: Sat Jul  4 20:43:43 ADT 2026
File: resources/processing/in_progress/appendices/appE_simulation.aux
Commit: Add build state artifact: appE_simulation.aux
============================================================
[main 016380f] Add build state artifact: appE_simulation.aux
 1 file changed, 32 insertions(+)
 create mode 100644 resources/processing/in_progress/appendices/appE_simulation.aux

Pushing...
git: 'credential-manager-core' is not a git command. See 'git --help'.
To https://github.com/standardgalactic/antivenom
   776e66c..016380f  main -> main

Commit hash: 016380f
Sleeping 8s...

============================================================
[57/125]
Time: Sat Jul  4 20:43:53 ADT 2026
File: resources/processing/in_progress/appendices/appE_simulation.tex
Commit: Add source artifact: appE_simulation.tex
============================================================
[main 95aae56] Add source artifact: appE_simulation.tex
 1 file changed, 43 insertions(+)
 create mode 100644 resources/processing/in_progress/appendices/appE_simulation.tex

Pushing...
git: 'credential-manager-core' is not a git command. See 'git --help'.
To https://github.com/standardgalactic/antivenom
   016380f..95aae56  main -> main

Commit hash: 95aae56
Sleeping 14s...

============================================================
[58/125]
Time: Sat Jul  4 20:44:09 ADT 2026
File: resources/processing/in_progress/appendices/appF_open_questions.aux
Commit: Add build state artifact: appF_open_questions.aux
============================================================
[main 313a937] Add build state artifact: appF_open_questions.aux
 1 file changed, 32 insertions(+)
 create mode 100644 resources/processing/in_progress/appendices/appF_open_questions.aux

Pushing...
git: 'credential-manager-core' is not a git command. See 'git --help'.
To https://github.com/standardgalactic/antivenom
   95aae56..313a937  main -> main

Commit hash: 313a937
Sleeping 9s...

============================================================
[59/125]
Time: Sat Jul  4 20:44:20 ADT 2026
File: resources/processing/in_progress/appendices/appF_open_questions.tex
Commit: Add source artifact: appF_open_questions.tex
============================================================
[main 8429e41] Add source artifact: appF_open_questions.tex
 1 file changed, 112 insertions(+)
 create mode 100644 resources/processing/in_progress/appendices/appF_open_questions.tex

Pushing...
git: 'credential-manager-core' is not a git command. See 'git --help'.
To https://github.com/standardgalactic/antivenom
   313a937..8429e41  main -> main

Commit hash: 8429e41
Sleeping 15s...

============================================================
[60/125]
Time: Sat Jul  4 20:44:37 ADT 2026
File: resources/processing/in_progress/backmatter/bibliography_note.aux
Commit: Add build state artifact: bibliography_note.aux
============================================================
[main 89e30d8] Add build state artifact: bibliography_note.aux
 1 file changed, 28 insertions(+)
 create mode 100644 resources/processing/in_progress/backmatter/bibliography_note.aux

Pushing...
git: 'credential-manager-core' is not a git command. See 'git --help'.
To https://github.com/standardgalactic/antivenom
   8429e41..89e30d8  main -> main

Commit hash: 89e30d8
Sleeping 15s...

============================================================
[61/125]
Time: Sat Jul  4 20:44:55 ADT 2026
File: resources/processing/in_progress/backmatter/bibliography_note.tex
Commit: Add source artifact: bibliography_note.tex
============================================================
[main c96363f] Add source artifact: bibliography_note.tex
 1 file changed, 16 insertions(+)
 create mode 100644 resources/processing/in_progress/backmatter/bibliography_note.tex

Pushing...
git: 'credential-manager-core' is not a git command. See 'git --help'.
To https://github.com/standardgalactic/antivenom
   89e30d8..c96363f  main -> main

Commit hash: c96363f
Sleeping 12s...

============================================================
[62/125]
Time: Sat Jul  4 20:45:09 ADT 2026
File: resources/processing/in_progress/chapters/ch01_continuation_problem.aux
Commit: Add build state artifact: ch01_continuation_problem.aux
============================================================
[main 51bde0b] Add build state artifact: ch01_continuation_problem.aux
 1 file changed, 39 insertions(+)
 create mode 100644 resources/processing/in_progress/chapters/ch01_continuation_problem.aux

Pushing...
git: 'credential-manager-core' is not a git command. See 'git --help'.
To https://github.com/standardgalactic/antivenom
   c96363f..51bde0b  main -> main

Commit hash: 51bde0b
Sleeping 9s...

============================================================
[63/125]
Time: Sat Jul  4 20:45:20 ADT 2026
File: resources/processing/in_progress/chapters/ch01_continuation_problem.tex
Commit: Add source artifact: ch01_continuation_problem.tex
============================================================
[main 7e3f062] Add source artifact: ch01_continuation_problem.tex
 1 file changed, 90 insertions(+)
 create mode 100644 resources/processing/in_progress/chapters/ch01_continuation_problem.tex

Pushing...
git: 'credential-manager-core' is not a git command. See 'git --help'.
To https://github.com/standardgalactic/antivenom
   51bde0b..7e3f062  main -> main

Commit hash: 7e3f062
Sleeping 15s...

============================================================
[64/125]
Time: Sat Jul  4 20:45:37 ADT 2026
File: resources/processing/in_progress/chapters/ch02_distinctions.aux
Commit: Add build state artifact: ch02_distinctions.aux
============================================================
[main 8b9e1ae] Add build state artifact: ch02_distinctions.aux
 1 file changed, 57 insertions(+)
 create mode 100644 resources/processing/in_progress/chapters/ch02_distinctions.aux

Pushing...
git: 'credential-manager-core' is not a git command. See 'git --help'.
To https://github.com/standardgalactic/antivenom
   7e3f062..8b9e1ae  main -> main

Commit hash: 8b9e1ae
Sleeping 14s...

============================================================
[65/125]
Time: Sat Jul  4 20:45:53 ADT 2026
File: resources/processing/in_progress/chapters/ch02_distinctions.tex
Commit: Add source artifact: ch02_distinctions.tex
============================================================
[main 4a90a5e] Add source artifact: ch02_distinctions.tex
 1 file changed, 190 insertions(+)
 create mode 100644 resources/processing/in_progress/chapters/ch02_distinctions.tex

Pushing...
git: 'credential-manager-core' is not a git command. See 'git --help'.
To https://github.com/standardgalactic/antivenom
   8b9e1ae..4a90a5e  main -> main

Commit hash: 4a90a5e
Sleeping 12s...

============================================================
[66/125]
Time: Sat Jul  4 20:46:08 ADT 2026
File: resources/processing/in_progress/chapters/ch03_admissibility.aux
Commit: Add build state artifact: ch03_admissibility.aux
============================================================
[main c8705d5] Add build state artifact: ch03_admissibility.aux
 1 file changed, 56 insertions(+)
 create mode 100644 resources/processing/in_progress/chapters/ch03_admissibility.aux

Pushing...
git: 'credential-manager-core' is not a git command. See 'git --help'.
To https://github.com/standardgalactic/antivenom
   4a90a5e..c8705d5  main -> main

Commit hash: c8705d5
Sleeping 10s...

============================================================
[67/125]
Time: Sat Jul  4 20:46:20 ADT 2026
File: resources/processing/in_progress/chapters/ch03_admissibility.tex
Commit: Add source artifact: ch03_admissibility.tex
============================================================
[main e1b83de] Add source artifact: ch03_admissibility.tex
 1 file changed, 229 insertions(+)
 create mode 100644 resources/processing/in_progress/chapters/ch03_admissibility.tex

Pushing...
git: 'credential-manager-core' is not a git command. See 'git --help'.
To https://github.com/standardgalactic/antivenom
   c8705d5..e1b83de  main -> main

Commit hash: e1b83de
Sleeping 12s...

============================================================
[68/125]
Time: Sat Jul  4 20:46:34 ADT 2026
File: resources/processing/in_progress/chapters/ch04_repair_economics.aux
Commit: Add build state artifact: ch04_repair_economics.aux
============================================================
[main b21c167] Add build state artifact: ch04_repair_economics.aux
 1 file changed, 53 insertions(+)
 create mode 100644 resources/processing/in_progress/chapters/ch04_repair_economics.aux

Pushing...
git: 'credential-manager-core' is not a git command. See 'git --help'.
To https://github.com/standardgalactic/antivenom
   e1b83de..b21c167  main -> main

Commit hash: b21c167
Sleeping 14s...

============================================================
[69/125]
Time: Sat Jul  4 20:46:52 ADT 2026
File: resources/processing/in_progress/chapters/ch04_repair_economics.tex
Commit: Add source artifact: ch04_repair_economics.tex
============================================================
[main c1e7362] Add source artifact: ch04_repair_economics.tex
 1 file changed, 192 insertions(+)
 create mode 100644 resources/processing/in_progress/chapters/ch04_repair_economics.tex

Pushing...
git: 'credential-manager-core' is not a git command. See 'git --help'.
To https://github.com/standardgalactic/antivenom
   b21c167..c1e7362  main -> main

Commit hash: c1e7362
Sleeping 6s...

============================================================
[70/125]
Time: Sat Jul  4 20:47:01 ADT 2026
File: resources/processing/in_progress/chapters/ch05_synchronic_to_diachronic.aux
Commit: Add build state artifact: ch05_synchronic_to_diachronic.aux
============================================================
[main b5f4c81] Add build state artifact: ch05_synchronic_to_diachronic.aux
 1 file changed, 39 insertions(+)
 create mode 100644 resources/processing/in_progress/chapters/ch05_synchronic_to_diachronic.aux

Pushing...
git: 'credential-manager-core' is not a git command. See 'git --help'.
To https://github.com/standardgalactic/antivenom
   c1e7362..b5f4c81  main -> main

Commit hash: b5f4c81
Sleeping 11s...

============================================================
[71/125]
Time: Sat Jul  4 20:47:15 ADT 2026
File: resources/processing/in_progress/chapters/ch05_synchronic_to_diachronic.tex
Commit: Add source artifact: ch05_synchronic_to_diachronic.tex
============================================================
[main 5a15f00] Add source artifact: ch05_synchronic_to_diachronic.tex
 1 file changed, 124 insertions(+)
 create mode 100644 resources/processing/in_progress/chapters/ch05_synchronic_to_diachronic.tex

Pushing...
git: 'credential-manager-core' is not a git command. See 'git --help'.
To https://github.com/standardgalactic/antivenom
   b5f4c81..5a15f00  main -> main

Commit hash: 5a15f00
Sleeping 6s...

============================================================
[72/125]
Time: Sat Jul  4 20:47:25 ADT 2026
File: resources/processing/in_progress/chapters/ch06_budget_relay.aux
Commit: Add build state artifact: ch06_budget_relay.aux
============================================================
[main bba70dd] Add build state artifact: ch06_budget_relay.aux
 1 file changed, 74 insertions(+)
 create mode 100644 resources/processing/in_progress/chapters/ch06_budget_relay.aux

Pushing...
git: 'credential-manager-core' is not a git command. See 'git --help'.
To https://github.com/standardgalactic/antivenom
   5a15f00..bba70dd  main -> main

Commit hash: bba70dd
Sleeping 5s...

============================================================
[73/125]
Time: Sat Jul  4 20:47:32 ADT 2026
File: resources/processing/in_progress/chapters/ch06_budget_relay.tex
Commit: Add source artifact: ch06_budget_relay.tex
============================================================
[main c672b72] Add source artifact: ch06_budget_relay.tex
 1 file changed, 487 insertions(+)
 create mode 100644 resources/processing/in_progress/chapters/ch06_budget_relay.tex

Pushing...
git: 'credential-manager-core' is not a git command. See 'git --help'.
To https://github.com/standardgalactic/antivenom
   bba70dd..c672b72  main -> main

Commit hash: c672b72
Sleeping 11s...

============================================================
[74/125]
Time: Sat Jul  4 20:47:45 ADT 2026
File: resources/processing/in_progress/chapters/ch07_coordination.aux
Commit: Add build state artifact: ch07_coordination.aux
============================================================
[main 08f0e3d] Add build state artifact: ch07_coordination.aux
 1 file changed, 66 insertions(+)
 create mode 100644 resources/processing/in_progress/chapters/ch07_coordination.aux

Pushing...
git: 'credential-manager-core' is not a git command. See 'git --help'.
To https://github.com/standardgalactic/antivenom
   c672b72..08f0e3d  main -> main

Commit hash: 08f0e3d
Sleeping 6s...

============================================================
[75/125]
Time: Sat Jul  4 20:47:53 ADT 2026
File: resources/processing/in_progress/chapters/ch07_coordination.tex
Commit: Add source artifact: ch07_coordination.tex
============================================================
[main 7a3d5aa] Add source artifact: ch07_coordination.tex
 1 file changed, 247 insertions(+)
 create mode 100644 resources/processing/in_progress/chapters/ch07_coordination.tex

Pushing...
git: 'credential-manager-core' is not a git command. See 'git --help'.
To https://github.com/standardgalactic/antivenom
   08f0e3d..7a3d5aa  main -> main

Commit hash: 7a3d5aa
Sleeping 6s...

============================================================
[76/125]
Time: Sat Jul  4 20:48:02 ADT 2026
File: resources/processing/in_progress/chapters/ch08_fanout.aux
Commit: Add build state artifact: ch08_fanout.aux
============================================================
[main 49e87a5] Add build state artifact: ch08_fanout.aux
 1 file changed, 54 insertions(+)
 create mode 100644 resources/processing/in_progress/chapters/ch08_fanout.aux

Pushing...
git: 'credential-manager-core' is not a git command. See 'git --help'.
To https://github.com/standardgalactic/antivenom
   7a3d5aa..49e87a5  main -> main

Commit hash: 49e87a5
Sleeping 10s...

============================================================
[77/125]
Time: Sat Jul  4 20:48:14 ADT 2026
File: resources/processing/in_progress/chapters/ch08_fanout.tex
Commit: Add source artifact: ch08_fanout.tex
============================================================
[main 1cc34e7] Add source artifact: ch08_fanout.tex
 1 file changed, 193 insertions(+)
 create mode 100644 resources/processing/in_progress/chapters/ch08_fanout.tex

Pushing...
git: 'credential-manager-core' is not a git command. See 'git --help'.
To https://github.com/standardgalactic/antivenom
   49e87a5..1cc34e7  main -> main

Commit hash: 1cc34e7
Sleeping 11s...

============================================================
[78/125]
Time: Sat Jul  4 20:48:27 ADT 2026
File: resources/processing/in_progress/chapters/ch09_composition_failure.aux
Commit: Add build state artifact: ch09_composition_failure.aux
============================================================
[main c889304] Add build state artifact: ch09_composition_failure.aux
 1 file changed, 45 insertions(+)
 create mode 100644 resources/processing/in_progress/chapters/ch09_composition_failure.aux

Pushing...
git: 'credential-manager-core' is not a git command. See 'git --help'.
To https://github.com/standardgalactic/antivenom
   1cc34e7..c889304  main -> main

Commit hash: c889304
Sleeping 8s...

============================================================
[79/125]
Time: Sat Jul  4 20:48:37 ADT 2026
File: resources/processing/in_progress/chapters/ch09_composition_failure.tex
Commit: Add source artifact: ch09_composition_failure.tex
============================================================
[main 64224ed] Add source artifact: ch09_composition_failure.tex
 1 file changed, 189 insertions(+)
 create mode 100644 resources/processing/in_progress/chapters/ch09_composition_failure.tex

Pushing...
git: 'credential-manager-core' is not a git command. See 'git --help'.
To https://github.com/standardgalactic/antivenom
   c889304..64224ed  main -> main

Commit hash: 64224ed
Sleeping 11s...

============================================================
[80/125]
Time: Sat Jul  4 20:48:50 ADT 2026
File: resources/processing/in_progress/chapters/ch10_fidelity_continuum.aux
Commit: Add build state artifact: ch10_fidelity_continuum.aux
============================================================
[main 8e73810] Add build state artifact: ch10_fidelity_continuum.aux
 1 file changed, 54 insertions(+)
 create mode 100644 resources/processing/in_progress/chapters/ch10_fidelity_continuum.aux

Pushing...
git: 'credential-manager-core' is not a git command. See 'git --help'.
To https://github.com/standardgalactic/antivenom
   64224ed..8e73810  main -> main

Commit hash: 8e73810
Sleeping 10s...

============================================================
[81/125]
Time: Sat Jul  4 20:49:04 ADT 2026
File: resources/processing/in_progress/chapters/ch10_fidelity_continuum.tex
Commit: Add source artifact: ch10_fidelity_continuum.tex
============================================================
[main c7eff50] Add source artifact: ch10_fidelity_continuum.tex
 1 file changed, 194 insertions(+)
 create mode 100644 resources/processing/in_progress/chapters/ch10_fidelity_continuum.tex

Pushing...
git: 'credential-manager-core' is not a git command. See 'git --help'.
To https://github.com/standardgalactic/antivenom
   8e73810..c7eff50  main -> main

Commit hash: c7eff50
Sleeping 11s...

============================================================
[82/125]
Time: Sat Jul  4 20:49:17 ADT 2026
File: resources/processing/in_progress/chapters/ch11_mem8.aux
Commit: Add build state artifact: ch11_mem8.aux
============================================================
[main b3e0ee0] Add build state artifact: ch11_mem8.aux
 1 file changed, 39 insertions(+)
 create mode 100644 resources/processing/in_progress/chapters/ch11_mem8.aux

Pushing...
git: 'credential-manager-core' is not a git command. See 'git --help'.
To https://github.com/standardgalactic/antivenom
   c7eff50..b3e0ee0  main -> main

Commit hash: b3e0ee0
Sleeping 10s...

============================================================
[83/125]
Time: Sat Jul  4 20:49:30 ADT 2026
File: resources/processing/in_progress/chapters/ch11_mem8.tex
Commit: Add source artifact: ch11_mem8.tex
============================================================
[main 65e9dd1] Add source artifact: ch11_mem8.tex
 1 file changed, 152 insertions(+)
 create mode 100644 resources/processing/in_progress/chapters/ch11_mem8.tex

Pushing...
git: 'credential-manager-core' is not a git command. See 'git --help'.
To https://github.com/standardgalactic/antivenom
   b3e0ee0..65e9dd1  main -> main

Commit hash: 65e9dd1
Sleeping 8s...

============================================================
[84/125]
Time: Sat Jul  4 20:49:40 ADT 2026
File: resources/processing/in_progress/chapters/ch12_mode_relativity.aux
Commit: Add build state artifact: ch12_mode_relativity.aux
============================================================
[main 0e5fa37] Add build state artifact: ch12_mode_relativity.aux
 1 file changed, 41 insertions(+)
 create mode 100644 resources/processing/in_progress/chapters/ch12_mode_relativity.aux

Pushing...
git: 'credential-manager-core' is not a git command. See 'git --help'.
To https://github.com/standardgalactic/antivenom
   65e9dd1..0e5fa37  main -> main

Commit hash: 0e5fa37
Sleeping 7s...

============================================================
[85/125]
Time: Sat Jul  4 20:49:49 ADT 2026
File: resources/processing/in_progress/chapters/ch12_mode_relativity.tex
Commit: Add source artifact: ch12_mode_relativity.tex
============================================================
[main 7e22aa3] Add source artifact: ch12_mode_relativity.tex
 1 file changed, 125 insertions(+)
 create mode 100644 resources/processing/in_progress/chapters/ch12_mode_relativity.tex

Pushing...
git: 'credential-manager-core' is not a git command. See 'git --help'.
To https://github.com/standardgalactic/antivenom
   0e5fa37..7e22aa3  main -> main

Commit hash: 7e22aa3
Sleeping 10s...

============================================================
[86/125]
Time: Sat Jul  4 20:50:01 ADT 2026
File: resources/processing/in_progress/chapters/ch13_chess.aux
Commit: Add build state artifact: ch13_chess.aux
============================================================
[main 894a0b4] Add build state artifact: ch13_chess.aux
 1 file changed, 40 insertions(+)
 create mode 100644 resources/processing/in_progress/chapters/ch13_chess.aux

Pushing...
git: 'credential-manager-core' is not a git command. See 'git --help'.
To https://github.com/standardgalactic/antivenom
   7e22aa3..894a0b4  main -> main

Commit hash: 894a0b4
Sleeping 12s...

============================================================
[87/125]
Time: Sat Jul  4 20:50:15 ADT 2026
File: resources/processing/in_progress/chapters/ch13_chess.tex
Commit: Add source artifact: ch13_chess.tex
============================================================
[main e7d15b0] Add source artifact: ch13_chess.tex
 1 file changed, 125 insertions(+)
 create mode 100644 resources/processing/in_progress/chapters/ch13_chess.tex

Pushing...
git: 'credential-manager-core' is not a git command. See 'git --help'.
To https://github.com/standardgalactic/antivenom
   894a0b4..e7d15b0  main -> main

Commit hash: e7d15b0
Sleeping 11s...

============================================================
[88/125]
Time: Sat Jul  4 20:50:29 ADT 2026
File: resources/processing/in_progress/chapters/ch14_painting.aux
Commit: Add build state artifact: ch14_painting.aux
============================================================
[main 19c9cb9] Add build state artifact: ch14_painting.aux
 1 file changed, 42 insertions(+)
 create mode 100644 resources/processing/in_progress/chapters/ch14_painting.aux

Pushing...
git: 'credential-manager-core' is not a git command. See 'git --help'.
To https://github.com/standardgalactic/antivenom
   e7d15b0..19c9cb9  main -> main

Commit hash: 19c9cb9
Sleeping 14s...

============================================================
[89/125]
Time: Sat Jul  4 20:50:46 ADT 2026
File: resources/processing/in_progress/chapters/ch14_painting.tex
Commit: Add source artifact: ch14_painting.tex
============================================================
[main 5fecd1f] Add source artifact: ch14_painting.tex
 1 file changed, 128 insertions(+)
 create mode 100644 resources/processing/in_progress/chapters/ch14_painting.tex

Pushing...
git: 'credential-manager-core' is not a git command. See 'git --help'.
To https://github.com/standardgalactic/antivenom
   19c9cb9..5fecd1f  main -> main

Commit hash: 5fecd1f
Sleeping 13s...

============================================================
[90/125]
Time: Sat Jul  4 20:51:02 ADT 2026
File: resources/processing/in_progress/chapters/ch15_maps.aux
Commit: Add build state artifact: ch15_maps.aux
============================================================
[main f5077a3] Add build state artifact: ch15_maps.aux
 1 file changed, 41 insertions(+)
 create mode 100644 resources/processing/in_progress/chapters/ch15_maps.aux

Pushing...
git: 'credential-manager-core' is not a git command. See 'git --help'.
To https://github.com/standardgalactic/antivenom
   5fecd1f..f5077a3  main -> main

Commit hash: f5077a3
Sleeping 5s...

============================================================
[91/125]
Time: Sat Jul  4 20:51:09 ADT 2026
File: resources/processing/in_progress/chapters/ch15_maps.tex
Commit: Add source artifact: ch15_maps.tex
============================================================
[main 18e3bcd] Add source artifact: ch15_maps.tex
 1 file changed, 93 insertions(+)
 create mode 100644 resources/processing/in_progress/chapters/ch15_maps.tex

Pushing...
git: 'credential-manager-core' is not a git command. See 'git --help'.
To https://github.com/standardgalactic/antivenom
   f5077a3..18e3bcd  main -> main

Commit hash: 18e3bcd
Sleeping 6s...

============================================================
[92/125]
Time: Sat Jul  4 20:51:17 ADT 2026
File: resources/processing/in_progress/chapters/ch16_proofs.aux
Commit: Add build state artifact: ch16_proofs.aux
============================================================
[main b635d84] Add build state artifact: ch16_proofs.aux
 1 file changed, 42 insertions(+)
 create mode 100644 resources/processing/in_progress/chapters/ch16_proofs.aux

Pushing...
git: 'credential-manager-core' is not a git command. See 'git --help'.
To https://github.com/standardgalactic/antivenom
   18e3bcd..b635d84  main -> main

Commit hash: b635d84
Sleeping 9s...

============================================================
[93/125]
Time: Sat Jul  4 20:51:28 ADT 2026
File: resources/processing/in_progress/chapters/ch16_proofs.tex
Commit: Add source artifact: ch16_proofs.tex
============================================================
[main 0fb5601] Add source artifact: ch16_proofs.tex
 1 file changed, 125 insertions(+)
 create mode 100644 resources/processing/in_progress/chapters/ch16_proofs.tex

Pushing...
git: 'credential-manager-core' is not a git command. See 'git --help'.
To https://github.com/standardgalactic/antivenom
   b635d84..0fb5601  main -> main

Commit hash: 0fb5601
Sleeping 7s...

============================================================
[94/125]
Time: Sat Jul  4 20:51:38 ADT 2026
File: resources/processing/in_progress/chapters/ch17_contracts.aux
Commit: Add build state artifact: ch17_contracts.aux
============================================================
[main 39e4a9b] Add build state artifact: ch17_contracts.aux
 1 file changed, 39 insertions(+)
 create mode 100644 resources/processing/in_progress/chapters/ch17_contracts.aux

Pushing...
git: 'credential-manager-core' is not a git command. See 'git --help'.
To https://github.com/standardgalactic/antivenom
   0fb5601..39e4a9b  main -> main

Commit hash: 39e4a9b
Sleeping 11s...

============================================================
[95/125]
Time: Sat Jul  4 20:51:51 ADT 2026
File: resources/processing/in_progress/chapters/ch17_contracts.tex
Commit: Add source artifact: ch17_contracts.tex
============================================================
[main 58125df] Add source artifact: ch17_contracts.tex
 1 file changed, 91 insertions(+)
 create mode 100644 resources/processing/in_progress/chapters/ch17_contracts.tex

Pushing...
git: 'credential-manager-core' is not a git command. See 'git --help'.
To https://github.com/standardgalactic/antivenom
   39e4a9b..58125df  main -> main

Commit hash: 58125df
Sleeping 6s...

============================================================
[96/125]
Time: Sat Jul  4 20:51:59 ADT 2026
File: resources/processing/in_progress/chapters/ch18_science.aux
Commit: Add build state artifact: ch18_science.aux
============================================================
[main 4f1dd05] Add build state artifact: ch18_science.aux
 1 file changed, 39 insertions(+)
 create mode 100644 resources/processing/in_progress/chapters/ch18_science.aux

Pushing...
git: 'credential-manager-core' is not a git command. See 'git --help'.
To https://github.com/standardgalactic/antivenom
   58125df..4f1dd05  main -> main

Commit hash: 4f1dd05
Sleeping 6s...

============================================================
[97/125]
Time: Sat Jul  4 20:52:08 ADT 2026
File: resources/processing/in_progress/chapters/ch18_science.tex
Commit: Add source artifact: ch18_science.tex
============================================================
[main 769d437] Add source artifact: ch18_science.tex
 1 file changed, 91 insertions(+)
 create mode 100644 resources/processing/in_progress/chapters/ch18_science.tex

Pushing...
git: 'credential-manager-core' is not a git command. See 'git --help'.
To https://github.com/standardgalactic/antivenom
   4f1dd05..769d437  main -> main

Commit hash: 769d437
Sleeping 5s...

============================================================
[98/125]
Time: Sat Jul  4 20:52:15 ADT 2026
File: resources/processing/in_progress/chapters/ch19_memory.aux
Commit: Add build state artifact: ch19_memory.aux
============================================================
[main c728c0e] Add build state artifact: ch19_memory.aux
 1 file changed, 40 insertions(+)
 create mode 100644 resources/processing/in_progress/chapters/ch19_memory.aux

Pushing...
git: 'credential-manager-core' is not a git command. See 'git --help'.
To https://github.com/standardgalactic/antivenom
   769d437..c728c0e  main -> main

Commit hash: c728c0e
Sleeping 6s...

============================================================
[99/125]
Time: Sat Jul  4 20:52:23 ADT 2026
File: resources/processing/in_progress/chapters/ch19_memory.tex
Commit: Add source artifact: ch19_memory.tex
============================================================
[main 63468e3] Add source artifact: ch19_memory.tex
 1 file changed, 101 insertions(+)
 create mode 100644 resources/processing/in_progress/chapters/ch19_memory.tex

Pushing...
git: 'credential-manager-core' is not a git command. See 'git --help'.
To https://github.com/standardgalactic/antivenom
   c728c0e..63468e3  main -> main

Commit hash: 63468e3
Sleeping 15s...

============================================================
[100/125]
Time: Sat Jul  4 20:52:41 ADT 2026
File: resources/processing/in_progress/chapters/ch20_pipelines.aux
Commit: Add build state artifact: ch20_pipelines.aux
============================================================
[main a78cad7] Add build state artifact: ch20_pipelines.aux
 1 file changed, 41 insertions(+)
 create mode 100644 resources/processing/in_progress/chapters/ch20_pipelines.aux

Pushing...
git: 'credential-manager-core' is not a git command. See 'git --help'.
To https://github.com/standardgalactic/antivenom
   63468e3..a78cad7  main -> main

Commit hash: a78cad7
Sleeping 12s...

============================================================
[101/125]
Time: Sat Jul  4 20:52:55 ADT 2026
File: resources/processing/in_progress/chapters/ch20_pipelines.tex
Commit: Add source artifact: ch20_pipelines.tex
============================================================
[main 4a63274] Add source artifact: ch20_pipelines.tex
 1 file changed, 138 insertions(+)
 create mode 100644 resources/processing/in_progress/chapters/ch20_pipelines.tex

Pushing...
git: 'credential-manager-core' is not a git command. See 'git --help'.
To https://github.com/standardgalactic/antivenom
   a78cad7..4a63274  main -> main

Commit hash: 4a63274
Sleeping 13s...

============================================================
[102/125]
Time: Sat Jul  4 20:53:10 ADT 2026
File: resources/processing/in_progress/chapters/ch21_synthesis.aux
Commit: Add build state artifact: ch21_synthesis.aux
============================================================
[main 6519783] Add build state artifact: ch21_synthesis.aux
 1 file changed, 38 insertions(+)
 create mode 100644 resources/processing/in_progress/chapters/ch21_synthesis.aux

Pushing...
git: 'credential-manager-core' is not a git command. See 'git --help'.
To https://github.com/standardgalactic/antivenom
   4a63274..6519783  main -> main

Commit hash: 6519783
Sleeping 10s...

============================================================
[103/125]
Time: Sat Jul  4 20:53:22 ADT 2026
File: resources/processing/in_progress/chapters/ch21_synthesis.tex
Commit: Add source artifact: ch21_synthesis.tex
============================================================
[main 36315ff] Add source artifact: ch21_synthesis.tex
 1 file changed, 79 insertions(+)
 create mode 100644 resources/processing/in_progress/chapters/ch21_synthesis.tex

Pushing...
git: 'credential-manager-core' is not a git command. See 'git --help'.
To https://github.com/standardgalactic/antivenom
   6519783..36315ff  main -> main

Commit hash: 36315ff
Sleeping 15s...

============================================================
[104/125]
Time: Sat Jul  4 20:53:39 ADT 2026
File: resources/processing/in_progress/continuation-under-constraint-(unfinished).pdf
Commit: Add publication artifact: continuation-under-constraint-(unfinished).pdf
============================================================
[main 2803c6f] Add publication artifact: continuation-under-constraint-(unfinished).pdf
 1 file changed, 0 insertions(+), 0 deletions(-)
 create mode 100644 resources/processing/in_progress/continuation-under-constraint-(unfinished).pdf

Pushing...
git: 'credential-manager-core' is not a git command. See 'git --help'.
To https://github.com/standardgalactic/antivenom
   36315ff..2803c6f  main -> main

Commit hash: 2803c6f
Sleeping 11s...

============================================================
[105/125]
Time: Sat Jul  4 20:53:55 ADT 2026
File: resources/processing/in_progress/frontmatter/abstract.aux
Commit: Add build state artifact: abstract.aux
============================================================
[main a5b7924] Add build state artifact: abstract.aux
 1 file changed, 28 insertions(+)
 create mode 100644 resources/processing/in_progress/frontmatter/abstract.aux

Pushing...
git: 'credential-manager-core' is not a git command. See 'git --help'.
To https://github.com/standardgalactic/antivenom
   2803c6f..a5b7924  main -> main

Commit hash: a5b7924
Sleeping 8s...

============================================================
[106/125]
Time: Sat Jul  4 20:54:05 ADT 2026
File: resources/processing/in_progress/frontmatter/abstract.tex
Commit: Add source artifact: abstract.tex
============================================================
[main 4a4e87b] Add source artifact: abstract.tex
 1 file changed, 14 insertions(+)
 create mode 100644 resources/processing/in_progress/frontmatter/abstract.tex

Pushing...
git: 'credential-manager-core' is not a git command. See 'git --help'.
To https://github.com/standardgalactic/antivenom
   a5b7924..4a4e87b  main -> main

Commit hash: 4a4e87b
Sleeping 15s...

============================================================
[107/125]
Time: Sat Jul  4 20:54:22 ADT 2026
File: resources/processing/in_progress/frontmatter/epistemic_status.aux
Commit: Add build state artifact: epistemic_status.aux
============================================================
[main ba58ad8] Add build state artifact: epistemic_status.aux
 1 file changed, 28 insertions(+)
 create mode 100644 resources/processing/in_progress/frontmatter/epistemic_status.aux

Pushing...
git: 'credential-manager-core' is not a git command. See 'git --help'.
To https://github.com/standardgalactic/antivenom
   4a4e87b..ba58ad8  main -> main

Commit hash: ba58ad8
Sleeping 11s...

============================================================
[108/125]
Time: Sat Jul  4 20:54:35 ADT 2026
File: resources/processing/in_progress/frontmatter/epistemic_status.tex
Commit: Add source artifact: epistemic_status.tex
============================================================
[main 9aa05b3] Add source artifact: epistemic_status.tex
 1 file changed, 43 insertions(+)
 create mode 100644 resources/processing/in_progress/frontmatter/epistemic_status.tex

Pushing...
git: 'credential-manager-core' is not a git command. See 'git --help'.
To https://github.com/standardgalactic/antivenom
   ba58ad8..9aa05b3  main -> main

Commit hash: 9aa05b3
Sleeping 6s...

============================================================
[109/125]
Time: Sat Jul  4 20:54:43 ADT 2026
File: resources/processing/in_progress/frontmatter/relation_to_prior_work.aux
Commit: Add build state artifact: relation_to_prior_work.aux
============================================================
[main 78056e5] Add build state artifact: relation_to_prior_work.aux
 1 file changed, 28 insertions(+)
 create mode 100644 resources/processing/in_progress/frontmatter/relation_to_prior_work.aux

Pushing...
git: 'credential-manager-core' is not a git command. See 'git --help'.
To https://github.com/standardgalactic/antivenom
   9aa05b3..78056e5  main -> main

Commit hash: 78056e5
Sleeping 15s...

============================================================
[110/125]
Time: Sat Jul  4 20:55:00 ADT 2026
File: resources/processing/in_progress/frontmatter/relation_to_prior_work.tex
Commit: Add source artifact: relation_to_prior_work.tex
============================================================
[main 90f9e7b] Add source artifact: relation_to_prior_work.tex
 1 file changed, 39 insertions(+)
 create mode 100644 resources/processing/in_progress/frontmatter/relation_to_prior_work.tex

Pushing...
git: 'credential-manager-core' is not a git command. See 'git --help'.
To https://github.com/standardgalactic/antivenom
   78056e5..90f9e7b  main -> main

Commit hash: 90f9e7b
Sleeping 10s...

============================================================
[111/125]
Time: Sat Jul  4 20:55:13 ADT 2026
File: resources/processing/in_progress/main.aux
Commit: Add build state artifact: main.aux
============================================================
[main 62073a3] Add build state artifact: main.aux
 1 file changed, 51 insertions(+)
 create mode 100644 resources/processing/in_progress/main.aux

Pushing...
git: 'credential-manager-core' is not a git command. See 'git --help'.
To https://github.com/standardgalactic/antivenom
   90f9e7b..62073a3  main -> main

Commit hash: 62073a3
Sleeping 11s...

============================================================
[112/125]
Time: Sat Jul  4 20:55:26 ADT 2026
File: resources/processing/in_progress/main.idx
Commit: Add index artifact: main.idx
============================================================
[main 15ee058] Add index artifact: main.idx
 1 file changed, 0 insertions(+), 0 deletions(-)
 create mode 100644 resources/processing/in_progress/main.idx

Pushing...
git: 'credential-manager-core' is not a git command. See 'git --help'.
To https://github.com/standardgalactic/antivenom
   62073a3..15ee058  main -> main

Commit hash: 15ee058
Sleeping 9s...

============================================================
[113/125]
Time: Sat Jul  4 20:55:37 ADT 2026
File: resources/processing/in_progress/main.log
Commit: Add process trace artifact: main.log
============================================================
[main 966f4e1] Add process trace artifact: main.log
 1 file changed, 4049 insertions(+)
 create mode 100644 resources/processing/in_progress/main.log

Pushing...
git: 'credential-manager-core' is not a git command. See 'git --help'.
To https://github.com/standardgalactic/antivenom
   15ee058..966f4e1  main -> main

Commit hash: 966f4e1
Sleeping 13s...

============================================================
[114/125]
Time: Sat Jul  4 20:55:52 ADT 2026
File: resources/processing/in_progress/main.out
Commit: Add generated output artifact: main.out
============================================================
[main bdf3100] Add generated output artifact: main.out
 1 file changed, 143 insertions(+)
 create mode 100644 resources/processing/in_progress/main.out

Pushing...
git: 'credential-manager-core' is not a git command. See 'git --help'.
To https://github.com/standardgalactic/antivenom
   966f4e1..bdf3100  main -> main

Commit hash: bdf3100
Sleeping 5s...

============================================================
[115/125]
Time: Sat Jul  4 20:55:59 ADT 2026
File: resources/processing/in_progress/main.pdf
Commit: Add publication artifact: main.pdf
============================================================
[main 79b5dba] Add publication artifact: main.pdf
 1 file changed, 0 insertions(+), 0 deletions(-)
 create mode 100644 resources/processing/in_progress/main.pdf

Pushing...
git: 'credential-manager-core' is not a git command. See 'git --help'.
To https://github.com/standardgalactic/antivenom
   bdf3100..79b5dba  main -> main

Commit hash: 79b5dba
Sleeping 13s...

============================================================
[116/125]
Time: Sat Jul  4 20:56:15 ADT 2026
File: resources/processing/in_progress/main.tex
Commit: Add source artifact: main.tex
============================================================
[main bb8ec57] Add source artifact: main.tex
 1 file changed, 101 insertions(+)
 create mode 100644 resources/processing/in_progress/main.tex

Pushing...
git: 'credential-manager-core' is not a git command. See 'git --help'.
To https://github.com/standardgalactic/antivenom
   79b5dba..bb8ec57  main -> main

Commit hash: bb8ec57
Sleeping 10s...

============================================================
[117/125]
Time: Sat Jul  4 20:56:28 ADT 2026
File: resources/processing/in_progress/main.toc
Commit: Add table-of-contents artifact: main.toc
============================================================
[main f158fe9] Add table-of-contents artifact: main.toc
 1 file changed, 143 insertions(+)
 create mode 100644 resources/processing/in_progress/main.toc

Pushing...
git: 'credential-manager-core' is not a git command. See 'git --help'.
To https://github.com/standardgalactic/antivenom
   bb8ec57..f158fe9  main -> main

Commit hash: f158fe9
Sleeping 5s...

============================================================
[118/125]
Time: Sat Jul  4 20:56:35 ADT 2026
File: resources/processing/in_progress/preamble.tex
Commit: Add source artifact: preamble.tex
============================================================
[main 62a571f] Add source artifact: preamble.tex
 1 file changed, 115 insertions(+)
 create mode 100644 resources/processing/in_progress/preamble.tex

Pushing...
git: 'credential-manager-core' is not a git command. See 'git --help'.
To https://github.com/standardgalactic/antivenom
   f158fe9..62a571f  main -> main

Commit hash: 62a571f
Sleeping 11s...

============================================================
[119/125]
Time: Sat Jul  4 20:56:50 ADT 2026
File: resources/processing/plenumhub-polyxan.aux
Commit: Add build state artifact: plenumhub-polyxan.aux
============================================================
[main 25e20a8] Add build state artifact: plenumhub-polyxan.aux
 1 file changed, 154 insertions(+)
 create mode 100644 resources/processing/plenumhub-polyxan.aux

Pushing...
git: 'credential-manager-core' is not a git command. See 'git --help'.
To https://github.com/standardgalactic/antivenom
   62a571f..25e20a8  main -> main

Commit hash: 25e20a8
Sleeping 14s...

[SKIP] Already tracked: resources/processing/plenumhub-polyxan.fdb_latexmk

[SKIP] Already tracked: resources/processing/plenumhub-polyxan.fls

============================================================
[122/125]
Time: Sat Jul  4 20:57:07 ADT 2026
File: resources/processing/plenumhub-polyxan.log
Commit: Add process trace artifact: plenumhub-polyxan.log
============================================================
[main 2d2de09] Add process trace artifact: plenumhub-polyxan.log
 1 file changed, 726 insertions(+)
 create mode 100644 resources/processing/plenumhub-polyxan.log

Pushing...
git: 'credential-manager-core' is not a git command. See 'git --help'.
To https://github.com/standardgalactic/antivenom
   25e20a8..2d2de09  main -> main

Commit hash: 2d2de09
Sleeping 10s...

============================================================
[123/125]
Time: Sat Jul  4 20:57:19 ADT 2026
File: resources/processing/plenumhub-polyxan.out
Commit: Add generated output artifact: plenumhub-polyxan.out
============================================================
[main cdd91ae] Add generated output artifact: plenumhub-polyxan.out
 1 file changed, 49 insertions(+)
 create mode 100644 resources/processing/plenumhub-polyxan.out

Pushing...
git: 'credential-manager-core' is not a git command. See 'git --help'.
To https://github.com/standardgalactic/antivenom
   2d2de09..cdd91ae  main -> main

Commit hash: cdd91ae
Sleeping 12s...

[SKIP] Already tracked: resources/processing/plenumhub-polyxan.pdf

[SKIP] Already tracked: resources/processing/plenumhub-polyxan.tex

============================================================
Finished: Sat Jul  4 20:57:33 ADT 2026
============================================================
