\BOOKMARK [0][-]{part.1}{\376\377\000I\000\040\000C\000o\000n\000c\000e\000p\000t\000\040\000a\000n\000d\000\040\000D\000e\000s\000i\000g\000n}{}% 1
\BOOKMARK [1][-]{section.1}{\376\377\000E\000l\000e\000v\000a\000t\000o\000r\000\040\000P\000i\000t\000c\000h}{part.1}% 2
\BOOKMARK [1][-]{section.2}{\376\377\000D\000e\000s\000i\000g\000n\000\040\000P\000i\000l\000l\000a\000r\000s}{part.1}% 3
\BOOKMARK [1][-]{section.3}{\376\377\000T\000h\000e\000\040\000C\000o\000r\000e\000\040\000T\000r\000a\000n\000s\000l\000a\000t\000i\000o\000n\000:\000\040\000W\000h\000a\000t\000\040\000I\000s\000\040\0003\000D\000\040\000S\000p\000a\000c\000e\000\040\000O\000f\000,\000\040\000H\000e\000r\000e\000?}{part.1}% 4
\BOOKMARK [1][-]{section.4}{\376\377\000M\000o\000d\000e\000\040\000S\000y\000s\000t\000e\000m\000\040\000a\000s\000\040\000W\000o\000r\000l\000d\000\040\000S\000t\000a\000t\000e}{part.1}% 5
\BOOKMARK [1][-]{section.5}{\376\377\000T\000h\000e\000\040\000V\000e\000r\000b\040\023\000N\000o\000u\000n\000\040\000G\000r\000a\000m\000m\000a\000r\000\040\000a\000s\000\040\000t\000h\000e\000\040\000C\000o\000r\000e\000\040\000C\000o\000m\000b\000a\000t\000/\000P\000u\000z\000z\000l\000e\000\040\000L\000o\000o\000p}{part.1}% 6
\BOOKMARK [1][-]{section.6}{\376\377\000A\000d\000v\000a\000n\000c\000e\000d\000\040\000S\000y\000s\000t\000e\000m\000s}{part.1}% 7
\BOOKMARK [1][-]{section.7}{\376\377\000L\000e\000v\000e\000l\000\040\000\046\000\040\000W\000o\000r\000l\000d\000\040\000S\000t\000r\000u\000c\000t\000u\000r\000e}{part.1}% 8
\BOOKMARK [1][-]{section.8}{\376\377\000S\000c\000o\000r\000i\000n\000g\000:\000\040\000A\000\040\000P\000a\000r\000\040\000S\000y\000s\000t\000e\000m}{part.1}% 9
\BOOKMARK [1][-]{section.9}{\376\377\000T\000e\000c\000h\000n\000i\000c\000a\000l\000\040\000A\000p\000p\000r\000o\000a\000c\000h}{part.1}% 10
\BOOKMARK [1][-]{section.10}{\376\377\000O\000p\000e\000n\000\040\000D\000e\000s\000i\000g\000n\000\040\000Q\000u\000e\000s\000t\000i\000o\000n\000s}{part.1}% 11
\BOOKMARK [1][-]{section.11}{\376\377\000W\000h\000a\000t\000\040\000T\000h\000i\000s\000\040\000A\000d\000d\000s\000\040\000O\000v\000e\000r\000\040\000t\000h\000e\000\040\000O\000r\000i\000g\000i\000n\000a\000l}{part.1}% 12
\BOOKMARK [0][-]{part.2}{\376\377\000I\000I\000\040\000T\000e\000c\000h\000n\000i\000c\000a\000l\000\040\000S\000p\000e\000c\000i\000f\000i\000c\000a\000t\000i\000o\000n}{}% 13
\BOOKMARK [1][-]{subsection.-1.1}{\376\377\000A\000\040\0003\000D\000\040\000s\000p\000a\000t\000i\000a\000l\000\040\000t\000u\000t\000o\000r\000i\000a\000l\000\040\000f\000o\000r\000\040\000r\000e\000a\000l\000\040\000V\000i\000m\000\040\000m\000o\000t\000i\000o\000n\000s\000\040\040\024\000\040\000v\0000\000.\0003\000,\000\040\000m\000e\000r\000g\000e\000d\000\040\000w\000i\000t\000h\000\040\000t\000h\000e\000\040\000c\000o\000n\000c\000e\000p\000t\000\040\000s\000k\000e\000t\000c\000h\000\040\000i\000n\000t\000o\000\040\000a\000\040\000s\000i\000n\000g\000l\000e\000\040\000L\000a\000T\000e\000X\000\040\000d\000o\000c\000u\000m\000e\000n\000t}{part.2}% 14
\BOOKMARK [1][-]{section.0}{\376\377\000N\000o\000n\000-\000N\000e\000g\000o\000t\000i\000a\000b\000l\000e\000s}{part.2}% 15
\BOOKMARK [1][-]{section.1}{\376\377\000F\000o\000r\000m\000a\000l\000\040\000C\000o\000m\000m\000a\000n\000d\000\040\000G\000r\000a\000m\000m\000a\000r}{part.2}% 16
\BOOKMARK [1][-]{section.2}{\376\377\000M\000o\000d\000e\000\040\000S\000t\000a\000t\000e\000\040\000M\000a\000c\000h\000i\000n\000e}{part.2}% 17
\BOOKMARK [1][-]{section.3}{\376\377\000B\000u\000f\000f\000e\000r\000\040\000M\000o\000d\000e\000l}{part.2}% 18
\BOOKMARK [2][-]{subsection.3.1}{\376\377\000W\000o\000r\000d\000\040\000C\000l\000a\000s\000s\000i\000f\000i\000c\000a\000t\000i\000o\000n}{section.3}% 19
\BOOKMARK [2][-]{subsection.3.2}{\376\377\000U\000n\000d\000o\000\040\000T\000r\000e\000e}{section.3}% 20
\BOOKMARK [2][-]{subsection.3.3}{\376\377\000C\000o\000m\000m\000a\000n\000d\000\040\000O\000b\000j\000e\000c\000t\000s\000\040\000a\000n\000d\000\040\000R\000e\000p\000l\000a\000y\000\040\000S\000e\000m\000a\000n\000t\000i\000c\000s}{section.3}% 21
\BOOKMARK [2][-]{subsection.3.4}{\376\377\000C\000u\000r\000s\000o\000r\000\040\000I\000n\000v\000a\000r\000i\000a\000n\000t\000s}{section.3}% 22
\BOOKMARK [1][-]{section.4}{\376\377\000M\000o\000t\000i\000o\000n\000\040\000\046\000\040\000O\000p\000e\000r\000a\000t\000o\000r\000\040\000S\000e\000m\000a\000n\000t\000i\000c\000s\000\040\000\050\000t\000h\000e\000\040\000p\000a\000r\000t\000\040\000t\000h\000a\000t\000\040\000m\000u\000s\000t\000\040\000b\000e\000\040\000e\000x\000a\000c\000t\000\051}{part.2}% 23
\BOOKMARK [1][-]{section.5}{\376\377\000T\000e\000x\000t\000\040\000O\000b\000j\000e\000c\000t\000s}{part.2}% 24
\BOOKMARK [2][-]{subsection.5.1}{\376\377\000T\000e\000x\000t\000\040\000O\000b\000j\000e\000c\000t\000\040\000R\000e\000s\000o\000l\000u\000t\000i\000o\000n}{section.5}% 25
\BOOKMARK [1][-]{section.6}{\376\377\000R\000e\000n\000d\000e\000r\000i\000n\000g\000\040\000M\000a\000p\000p\000i\000n\000g\000\040\000\050\000r\000e\000n\000d\000e\000r\000e\000r\000\040\000c\000o\000n\000s\000u\000m\000e\000s\000\040\000p\000a\000r\000s\000e\000r\000\040\000s\000t\000a\000t\000e\000;\000\040\000n\000e\000v\000e\000r\000\040\000t\000h\000e\000\040\000r\000e\000v\000e\000r\000s\000e\000\051}{part.2}% 26
\BOOKMARK [2][-]{subsection.6.1}{\376\377\000F\000i\000d\000e\000l\000i\000t\000y\000\040\000P\000r\000i\000n\000c\000i\000p\000l\000e}{section.6}% 27
\BOOKMARK [1][-]{section.7}{\376\377\000L\000e\000v\000e\000l\000\040\000D\000a\000t\000a\000\040\000F\000o\000r\000m\000a\000t}{part.2}% 28
\BOOKMARK [2][-]{subsection.7.1}{\376\377\000P\000e\000d\000a\000g\000o\000g\000i\000c\000a\000l\000\040\000L\000a\000y\000e\000r}{section.7}% 29
\BOOKMARK [1][-]{section.8}{\376\377\000T\000e\000s\000t\000i\000n\000g\000\040\000P\000l\000a\000n}{part.2}% 30
\BOOKMARK [2][-]{subsection.8.1}{\376\377\000D\000i\000f\000f\000e\000r\000e\000n\000t\000i\000a\000l\000\040\000T\000e\000s\000t\000i\000n\000g\000\040\000A\000g\000a\000i\000n\000s\000t\000\040\000R\000e\000a\000l\000\040\000V\000i\000m}{section.8}% 31
\BOOKMARK [1][-]{section.9}{\376\377\000B\000u\000i\000l\000d\000\040\000P\000h\000a\000s\000e\000s}{part.2}% 32
\BOOKMARK [2][-]{subsection.9.1}{\376\377\000S\000e\000a\000r\000c\000h\000w\000o\000r\000k\000s}{section.9}% 33
\BOOKMARK [1][-]{section.10}{\376\377\000F\000u\000t\000u\000r\000e\000\040\000V\000i\000m\000\040\000C\000o\000v\000e\000r\000a\000g\000e\000\040\000\050\000E\000x\000p\000l\000i\000c\000i\000t\000l\000y\000\040\000O\000u\000t\000\040\000o\000f\000\040\000S\000c\000o\000p\000e\000\040\000f\000o\000r\000\040\000v\0001\000\051}{part.2}% 34
\BOOKMARK [1][-]{section.11}{\376\377\000G\000l\000o\000b\000a\000l\000\040\000C\000o\000m\000m\000a\000n\000d\000s\000\040\000a\000n\000d\000\040\000S\000u\000b\000s\000t\000i\000t\000u\000t\000e}{part.2}% 35
\BOOKMARK [2][-]{subsection.11.1}{\376\377\000T\000h\000e\000\040\000G\000l\000o\000b\000a\000l\000\040\000C\000o\000m\000m\000a\000n\000d\000\040\000F\000a\000m\000i\000l\000y}{section.11}% 36
\BOOKMARK [2][-]{subsection.11.2}{\376\377\000S\000u\000b\000s\000t\000i\000t\000u\000t\000e}{section.11}% 37
\BOOKMARK [1][-]{section.12}{\376\377\000U\000s\000e\000r\000-\000G\000e\000n\000e\000r\000a\000t\000e\000d\000\040\000a\000n\000d\000\040\000E\000d\000i\000t\000a\000b\000l\000e\000\040\000L\000e\000v\000e\000l\000s}{part.2}% 38
\BOOKMARK [2][-]{subsection.12.1}{\376\377\000L\000e\000v\000e\000l\000\040\000I\000m\000p\000o\000r\000t\000\040\000M\000o\000d\000e\000l}{section.12}% 39
\BOOKMARK [2][-]{subsection.12.2}{\376\377\000A\000u\000t\000h\000o\000r\000-\000P\000l\000a\000y\000s\000-\000F\000i\000r\000s\000t\000\040\000P\000a\000r\000\040\000S\000e\000e\000d\000i\000n\000g}{section.12}% 40
\BOOKMARK [2][-]{subsection.12.3}{\376\377\000C\000r\000o\000w\000d\000-\000S\000o\000u\000r\000c\000e\000d\000\040\000P\000a\000r\000\040\000a\000n\000d\000\040\000V\000e\000r\000i\000f\000i\000e\000d\000\040\000R\000e\000p\000l\000a\000y\000s}{section.12}% 41
\BOOKMARK [2][-]{subsection.12.4}{\376\377\000R\000e\000p\000e\000t\000i\000t\000i\000o\000n\000\040\000D\000e\000t\000e\000c\000t\000i\000o\000n\000\040\000a\000n\000d\000\040\000M\000a\000c\000r\000o\000-\000F\000r\000i\000e\000n\000d\000l\000i\000n\000e\000s\000s}{section.12}% 42
\BOOKMARK [2][-]{subsection.12.5}{\376\377\000P\000l\000a\000c\000e\000m\000e\000n\000t\000\040\000i\000n\000\040\000t\000h\000e\000\040\000B\000u\000i\000l\000d\000\040\000P\000l\000a\000n}{section.12}% 43
