\BOOKMARK [-1][-]{part.1}{\376\377\000I\000\040\000T\000h\000e\000\040\000G\000e\000o\000m\000e\000t\000r\000y\000\040\000o\000f\000\040\000C\000o\000r\000r\000e\000c\000t\000i\000o\000n}{}% 1
\BOOKMARK [0][-]{chapter.1}{\376\377\000T\000h\000e\000\040\000P\000e\000r\000c\000e\000p\000t\000u\000a\000l\000\040\000C\000o\000n\000t\000r\000a\000d\000i\000c\000t\000i\000o\000n}{part.1}% 2
\BOOKMARK [1][-]{section.1.1}{\376\377\000A\000n\000\040\000O\000r\000d\000i\000n\000a\000r\000y\000\040\000L\000o\000g\000i\000n}{chapter.1}% 3
\BOOKMARK [1][-]{section.1.2}{\376\377\000T\000h\000e\000\040\000P\000u\000z\000z\000l\000e\000\040\000S\000t\000a\000t\000e\000d\000\040\000P\000l\000a\000i\000n\000l\000y}{chapter.1}% 4
\BOOKMARK [1][-]{section.1.3}{\376\377\000T\000h\000e\000\040\000E\000a\000s\000y\000\040\000A\000n\000s\000w\000e\000r\000,\000\040\000a\000n\000d\000\040\000W\000h\000y\000\040\000I\000t\000\040\000F\000a\000l\000l\000s\000\040\000S\000h\000o\000r\000t}{chapter.1}% 5
\BOOKMARK [1][-]{section.1.4}{\376\377\000W\000h\000a\000t\000\040\000t\000h\000e\000\040\000C\000o\000n\000t\000r\000a\000d\000i\000c\000t\000i\000o\000n\000\040\000I\000s\000\040\000N\000o\000t}{chapter.1}% 6
\BOOKMARK [1][-]{section.1.5}{\376\377\000T\000h\000e\000\040\000S\000h\000a\000p\000e\000\040\000o\000f\000\040\000t\000h\000e\000\040\000A\000r\000g\000u\000m\000e\000n\000t\000\040\000A\000h\000e\000a\000d}{chapter.1}% 7
\BOOKMARK [0][-]{chapter.2}{\376\377\000T\000h\000e\000\040\000I\000n\000f\000r\000a\000s\000t\000r\000u\000c\000t\000u\000r\000e\000\040\000A\000l\000i\000b\000i}{part.1}% 8
\BOOKMARK [1][-]{section.2.1}{\376\377\000A\000\040\000R\000e\000a\000s\000o\000n\000a\000b\000l\000e\000-\000S\000o\000u\000n\000d\000i\000n\000g\000\040\000D\000e\000f\000e\000n\000s\000e}{chapter.2}% 9
\BOOKMARK [1][-]{section.2.2}{\376\377\000W\000h\000a\000t\000\040\000t\000h\000e\000\040\000E\000x\000p\000l\000a\000n\000a\000t\000i\000o\000n\000\040\000A\000c\000c\000o\000m\000p\000l\000i\000s\000h\000e\000s}{chapter.2}% 10
\BOOKMARK [1][-]{section.2.3}{\376\377\000T\000h\000e\000\040\000A\000l\000i\000b\000i\000\040\000C\000o\000m\000p\000a\000r\000e\000d\000\040\000t\000o\000\040\000I\000t\000s\000\040\000O\000b\000j\000e\000c\000t}{chapter.2}% 11
\BOOKMARK [1][-]{section.2.4}{\376\377\000A\000\040\000T\000e\000s\000t\000\040\000C\000a\000s\000e\000:\000\040\000W\000h\000a\000t\000\040\000G\000e\000t\000s\000\040\000B\000u\000i\000l\000t\000\040\000a\000n\000d\000\040\000W\000h\000a\000t\000\040\000D\000o\000e\000s\000n\000'\000t}{chapter.2}% 12
\BOOKMARK [1][-]{section.2.5}{\376\377\000W\000h\000y\000\040\000T\000h\000i\000s\000\040\000M\000a\000t\000t\000e\000r\000s\000\040\000B\000e\000f\000o\000r\000e\000\040\000t\000h\000e\000\040\000F\000o\000r\000m\000a\000l\000i\000s\000m\000\040\000A\000r\000r\000i\000v\000e\000s}{chapter.2}% 13
\BOOKMARK [0][-]{chapter.3}{\376\377\000M\000e\000t\000r\000i\000c\000\040\000I\000n\000d\000i\000f\000f\000e\000r\000e\000n\000c\000e}{part.1}% 14
\BOOKMARK [1][-]{section.3.1}{\376\377\000F\000r\000o\000m\000\040\000R\000h\000e\000t\000o\000r\000i\000c\000\040\000t\000o\000\040\000M\000e\000c\000h\000a\000n\000i\000s\000m}{chapter.3}% 15
\BOOKMARK [1][-]{section.3.2}{\376\377\000T\000h\000e\000\040\000D\000o\000m\000i\000n\000a\000n\000t\000\040\000O\000b\000j\000e\000c\000t\000i\000v\000e}{chapter.3}% 16
\BOOKMARK [1][-]{section.3.3}{\376\377\000A\000\040\000F\000o\000r\000m\000a\000l\000\040\000S\000t\000a\000t\000e\000m\000e\000n\000t}{chapter.3}% 17
\BOOKMARK [1][-]{section.3.4}{\376\377\000T\000h\000e\000\040\000E\000c\000o\000n\000o\000m\000i\000c\000s\000\040\000o\000f\000\040\000t\000h\000e\000\040\000B\000l\000i\000n\000d\000\040\000S\000p\000o\000t}{chapter.3}% 18
\BOOKMARK [1][-]{section.3.5}{\376\377\000I\000n\000d\000i\000f\000f\000e\000r\000e\000n\000c\000e\000\040\000W\000i\000t\000h\000o\000u\000t\000\040\000M\000a\000l\000i\000c\000e}{chapter.3}% 19
\BOOKMARK [1][-]{section.3.6}{\376\377\000W\000h\000a\000t\000\040\000R\000e\000m\000a\000i\000n\000s\000\040\000U\000n\000e\000x\000p\000l\000a\000i\000n\000e\000d}{chapter.3}% 20
\BOOKMARK [0][-]{chapter.4}{\376\377\000T\000h\000e\000\040\000G\000e\000o\000m\000e\000t\000r\000y\000\040\000o\000f\000\040\000C\000o\000r\000r\000e\000c\000t\000i\000o\000n}{part.1}% 21
\BOOKMARK [1][-]{section.4.1}{\376\377\000T\000h\000r\000e\000e\000\040\000I\000n\000s\000t\000a\000n\000c\000e\000s\000\040\000i\000n\000\040\000S\000e\000a\000r\000c\000h\000\040\000o\000f\000\040\000a\000\040\000P\000a\000t\000t\000e\000r\000n}{chapter.4}% 22
\BOOKMARK [1][-]{section.4.2}{\376\377\000S\000e\000l\000f\000-\000R\000e\000f\000e\000r\000e\000n\000c\000e\000\040\000a\000n\000d\000\040\000R\000e\000a\000l\000i\000t\000y\000-\000A\000n\000c\000h\000o\000r\000i\000n\000g\000,\000\040\000D\000e\000f\000i\000n\000e\000d}{chapter.4}% 23
\BOOKMARK [1][-]{section.4.3}{\376\377\000A\000\040\000C\000o\000m\000p\000o\000s\000i\000t\000e\000\040\000C\000h\000a\000n\000n\000e\000l}{chapter.4}% 24
\BOOKMARK [1][-]{section.4.4}{\376\377\000T\000h\000e\000\040\000C\000o\000r\000r\000e\000c\000t\000i\000o\000n\000\040\000S\000u\000p\000p\000r\000e\000s\000s\000i\000o\000n\000\040\000P\000r\000i\000n\000c\000i\000p\000l\000e}{chapter.4}% 25
\BOOKMARK [1][-]{section.4.5}{\376\377\000R\000e\000c\000u\000r\000s\000i\000o\000n\000:\000\040\000W\000h\000o\000\040\000C\000o\000r\000r\000e\000c\000t\000s\000\040\000t\000h\000e\000\040\000C\000o\000r\000r\000e\000c\000t\000o\000r\000?}{chapter.4}% 26
\BOOKMARK [1][-]{section.4.6}{\376\377\000T\000h\000e\000\040\000B\000o\000u\000n\000d\000a\000r\000y\000\040\000o\000f\000\040\000t\000h\000e\000\040\000C\000l\000a\000i\000m}{chapter.4}% 27
\BOOKMARK [-1][-]{part.2}{\376\377\000I\000I\000\040\000I\000n\000s\000t\000i\000t\000u\000t\000i\000o\000n\000a\000l\000\040\000S\000e\000l\000f\000-\000R\000e\000f\000e\000r\000e\000n\000c\000e}{}% 28
\BOOKMARK [0][-]{chapter.5}{\376\377\000A\000g\000a\000i\000n\000s\000t\000\040\000t\000h\000e\000\040\000U\000n\000i\000f\000i\000e\000d\000\040\000M\000a\000x\000i\000m\000i\000z\000e\000r}{part.2}% 29
\BOOKMARK [1][-]{section.5.1}{\376\377\000A\000\040\000C\000o\000n\000v\000e\000n\000i\000e\000n\000t\000\040\000F\000i\000c\000t\000i\000o\000n}{chapter.5}% 30
\BOOKMARK [1][-]{section.5.2}{\376\377\000W\000h\000a\000t\000\040\000L\000a\000r\000g\000e\000\040\000O\000r\000g\000a\000n\000i\000z\000a\000t\000i\000o\000n\000s\000\040\000A\000c\000t\000u\000a\000l\000l\000y\000\040\000A\000r\000e}{chapter.5}% 31
\BOOKMARK [1][-]{section.5.3}{\376\377\000W\000h\000y\000\040\000t\000h\000e\000\040\000D\000i\000s\000t\000i\000n\000c\000t\000i\000o\000n\000\040\000C\000h\000a\000n\000g\000e\000s\000\040\000t\000h\000e\000\040\000D\000i\000a\000g\000n\000o\000s\000i\000s}{chapter.5}% 32
\BOOKMARK [1][-]{section.5.4}{\376\377\000E\000x\000p\000l\000a\000n\000a\000t\000i\000o\000n\000,\000\040\000N\000o\000t\000\040\000E\000x\000c\000u\000s\000e}{chapter.5}% 33
\BOOKMARK [1][-]{section.5.5}{\376\377\000A\000\040\000N\000o\000t\000e\000\040\000o\000n\000\040\000t\000h\000e\000\040\000C\000o\000u\000p\000l\000i\000n\000g\000\040\000C\000o\000e\000f\000f\000i\000c\000i\000e\000n\000t}{chapter.5}% 34
\BOOKMARK [0][-]{chapter.6}{\376\377\000D\000i\000s\000t\000r\000i\000b\000u\000t\000e\000d\000\040\000R\000e\000s\000p\000o\000n\000s\000i\000b\000i\000l\000i\000t\000y\000,\000\040\000C\000o\000n\000c\000e\000n\000t\000r\000a\000t\000e\000d\000\040\000P\000o\000w\000e\000r}{part.2}% 35
\BOOKMARK [1][-]{section.6.1}{\376\377\000A\000n\000\040\000A\000s\000y\000m\000m\000e\000t\000r\000y\000\040\000W\000o\000r\000t\000h\000\040\000N\000a\000m\000i\000n\000g}{chapter.6}% 36
\BOOKMARK [1][-]{section.6.2}{\376\377\000T\000h\000e\000\040\000M\000a\000n\000a\000g\000e\000r\000i\000a\000l\000\040\000R\000a\000t\000i\000o\000n\000a\000l\000e}{chapter.6}% 37
\BOOKMARK [1][-]{section.6.3}{\376\377\000T\000h\000e\000\040\000G\000o\000v\000e\000r\000n\000a\000n\000c\000e\000\040\000C\000o\000n\000s\000e\000q\000u\000e\000n\000c\000e}{chapter.6}% 38
\BOOKMARK [1][-]{section.6.4}{\376\377\000W\000h\000y\000\040\000S\000y\000n\000t\000h\000e\000t\000i\000c\000\040\000S\000o\000c\000i\000a\000l\000i\000t\000y\000\040\000F\000i\000t\000s\000\040\000T\000h\000i\000s\000\040\000P\000a\000t\000t\000e\000r\000n\000\040\000E\000x\000a\000c\000t\000l\000y}{chapter.6}% 39
\BOOKMARK [1][-]{section.6.5}{\376\377\000A\000\040\000S\000e\000c\000o\000n\000d\000\040\000I\000n\000s\000t\000a\000n\000c\000e\000\040\000o\000f\000\040\000t\000h\000e\000\040\000C\000o\000r\000r\000e\000c\000t\000i\000o\000n\000\040\000S\000u\000p\000p\000r\000e\000s\000s\000i\000o\000n\000\040\000P\000r\000i\000n\000c\000i\000p\000l\000e}{chapter.6}% 40
\BOOKMARK [1][-]{section.6.6}{\376\377\000T\000o\000w\000a\000r\000d\000\040\000C\000h\000a\000p\000t\000e\000r\000\040\0007}{chapter.6}% 41
\BOOKMARK [0][-]{chapter.7}{\376\377\000T\000h\000e\000\040\000E\000x\000t\000e\000r\000n\000a\000l\000i\000z\000a\000t\000i\000o\000n\000\040\000o\000f\000\040\000C\000o\000s\000t}{part.2}% 42
\BOOKMARK [1][-]{section.7.1}{\376\377\000F\000r\000o\000m\000\040\000S\000t\000r\000u\000c\000t\000u\000r\000e\000\040\000t\000o\000\040\000C\000o\000n\000s\000e\000q\000u\000e\000n\000c\000e}{chapter.7}% 43
\BOOKMARK [1][-]{section.7.2}{\376\377\000A\000\040\000C\000a\000t\000a\000l\000o\000g\000u\000e\000,\000\040\000B\000r\000i\000e\000f\000l\000y}{chapter.7}% 44
\BOOKMARK [1][-]{section.7.3}{\376\377\000A\000n\000\040\000A\000s\000y\000m\000m\000e\000t\000r\000i\000c\000\040\000D\000i\000s\000t\000r\000i\000b\000u\000t\000i\000o\000n}{chapter.7}% 45
\BOOKMARK [1][-]{section.7.4}{\376\377\000H\000i\000s\000t\000o\000r\000i\000c\000a\000l\000\040\000C\000o\000n\000t\000i\000n\000u\000i\000t\000y\000\040\000a\000n\000d\000\040\000a\000\040\000G\000e\000n\000u\000i\000n\000e\000\040\000N\000o\000v\000e\000l\000t\000y}{chapter.7}% 46
\BOOKMARK [1][-]{section.7.5}{\376\377\000T\000h\000e\000\040\000S\000u\000p\000p\000r\000e\000s\000s\000i\000o\000n\000\040\000P\000r\000i\000n\000c\000i\000p\000l\000e\000,\000\040\000O\000n\000c\000e\000\040\000M\000o\000r\000e}{chapter.7}% 47
\BOOKMARK [-1][-]{part.3}{\376\377\000I\000I\000I\000\040\000S\000u\000b\000j\000e\000c\000t\000i\000v\000e\000\040\000S\000e\000l\000f\000-\000R\000e\000f\000e\000r\000e\000n\000c\000e}{}% 48
\BOOKMARK [0][-]{chapter.9}{\376\377\000D\000e\000s\000i\000r\000e\000\040\000a\000n\000d\000\040\000S\000y\000n\000t\000h\000e\000t\000i\000c\000\040\000I\000n\000t\000e\000r\000a\000c\000t\000i\000o\000n}{part.3}% 49
\BOOKMARK [1][-]{section.9.1}{\376\377\000A\000\040\000N\000e\000c\000e\000s\000s\000a\000r\000y\000\040\000F\000i\000r\000e\000w\000a\000l\000l}{chapter.9}% 50
\BOOKMARK [1][-]{section.9.2}{\376\377\000W\000h\000a\000t\000\040\000P\000e\000o\000p\000l\000e\000\040\000A\000c\000t\000u\000a\000l\000l\000y\000\040\000C\000h\000o\000o\000s\000e}{chapter.9}% 51
\BOOKMARK [1][-]{section.9.3}{\376\377\000L\000o\000c\000a\000t\000i\000n\000g\000\040\000t\000h\000e\000\040\000A\000c\000t\000u\000a\000l\000\040\000P\000r\000o\000b\000l\000e\000m}{chapter.9}% 52
\BOOKMARK [1][-]{section.9.4}{\376\377\000T\000h\000e\000\040\000D\000e\000s\000i\000g\000n\000\040\000C\000o\000n\000s\000e\000q\000u\000e\000n\000c\000e}{chapter.9}% 53
\BOOKMARK [1][-]{section.9.5}{\376\377\000S\000e\000t\000t\000i\000n\000g\000\040\000U\000p\000\040\000t\000h\000e\000\040\000C\000o\000g\000n\000i\000t\000i\000v\000e\000\040\000A\000r\000g\000u\000m\000e\000n\000t}{chapter.9}% 54
\BOOKMARK [0][-]{chapter.10}{\376\377\000T\000h\000e\000\040\000P\000r\000e\000d\000i\000c\000t\000i\000v\000e\000\040\000S\000u\000b\000j\000e\000c\000t}{part.3}% 55
\BOOKMARK [1][-]{section.10.1}{\376\377\000A\000\040\000N\000o\000t\000e\000\040\000o\000n\000\040\000T\000h\000i\000s\000\040\000C\000h\000a\000p\000t\000e\000r\000'\000s\000\040\000S\000t\000a\000t\000u\000s}{chapter.10}% 56
\BOOKMARK [1][-]{section.10.2}{\376\377\000T\000h\000e\000\040\000B\000r\000a\000i\000n\000\040\000a\000s\000\040\000P\000r\000e\000d\000i\000c\000t\000i\000v\000e\000\040\000S\000y\000s\000t\000e\000m}{chapter.10}% 57
\BOOKMARK [1][-]{section.10.3}{\376\377\000A\000\040\000P\000s\000y\000c\000h\000o\000a\000n\000a\000l\000y\000t\000i\000c\000\040\000A\000n\000t\000i\000c\000i\000p\000a\000t\000i\000o\000n}{chapter.10}% 58
\BOOKMARK [1][-]{section.10.4}{\376\377\000S\000e\000l\000f\000-\000E\000v\000i\000d\000e\000n\000c\000i\000n\000g\000\040\000a\000n\000d\000\040\000t\000h\000e\000\040\000V\000u\000l\000n\000e\000r\000a\000b\000i\000l\000i\000t\000y\000\040\000I\000t\000\040\000C\000r\000e\000a\000t\000e\000s}{chapter.10}% 59
\BOOKMARK [1][-]{section.10.5}{\376\377\000W\000h\000a\000t\000\040\000T\000h\000i\000s\000\040\000C\000h\000a\000p\000t\000e\000r\000\040\000H\000a\000s\000\040\000a\000n\000d\000\040\000H\000a\000s\000\040\000N\000o\000t\000\040\000E\000s\000t\000a\000b\000l\000i\000s\000h\000e\000d}{chapter.10}% 60
\BOOKMARK [0][-]{chapter.11}{\376\377\000J\000o\000u\000i\000s\000s\000a\000n\000c\000e\000\040\000a\000n\000d\000\040\000P\000e\000r\000s\000i\000s\000t\000e\000n\000t\000\040\000E\000r\000r\000o\000r}{part.3}% 61
\BOOKMARK [1][-]{section.11.1}{\376\377\000T\000h\000e\000\040\000Q\000u\000e\000s\000t\000i\000o\000n\000\040\000C\000h\000a\000p\000t\000e\000r\000\040\0001\0000\000\040\000L\000e\000f\000t\000\040\000O\000p\000e\000n}{chapter.11}% 62
\BOOKMARK [1][-]{section.11.2}{\376\377\000R\000e\000p\000e\000t\000i\000t\000i\000o\000n\000\040\000B\000e\000y\000o\000n\000d\000\040\000t\000h\000e\000\040\000P\000l\000e\000a\000s\000u\000r\000e\000\040\000P\000r\000i\000n\000c\000i\000p\000l\000e}{chapter.11}% 63
\BOOKMARK [1][-]{section.11.3}{\376\377\000W\000h\000y\000\040\000T\000h\000i\000s\000\040\000M\000a\000t\000t\000e\000r\000s\000\040\000f\000o\000r\000\040\000S\000y\000n\000t\000h\000e\000t\000i\000c\000\040\000S\000o\000c\000i\000a\000l\000i\000t\000y}{chapter.11}% 64
\BOOKMARK [1][-]{section.11.4}{\376\377\000T\000h\000e\000\040\000C\000o\000r\000r\000e\000c\000t\000i\000o\000n\000\040\000S\000u\000p\000p\000r\000e\000s\000s\000i\000o\000n\000\040\000P\000r\000i\000n\000c\000i\000p\000l\000e\000,\000\040\000a\000t\000\040\000t\000h\000e\000\040\000S\000c\000a\000l\000e\000\040\000o\000f\000\040\000a\000\040\000M\000i\000n\000d}{chapter.11}% 65
\BOOKMARK [1][-]{section.11.5}{\376\377\000T\000o\000w\000a\000r\000d\000\040\000a\000\040\000R\000e\000s\000p\000o\000n\000s\000e}{chapter.11}% 66
\BOOKMARK [0][-]{chapter.12}{\376\377\000W\000a\000y\000m\000a\000k\000i\000n\000g}{part.3}% 67
\BOOKMARK [1][-]{section.12.1}{\376\377\000F\000r\000o\000m\000\040\000C\000a\000p\000t\000u\000r\000e\000\040\000t\000o\000\040\000A\000g\000e\000n\000c\000y}{chapter.12}% 68
\BOOKMARK [1][-]{section.12.2}{\376\377\000B\000r\000a\000c\000k\000e\000t\000i\000n\000g\000\040\000a\000s\000\040\000C\000o\000n\000d\000i\000t\000i\000o\000n\000a\000l\000\040\000I\000n\000f\000e\000r\000e\000n\000c\000e}{chapter.12}% 69
\BOOKMARK [1][-]{section.12.3}{\376\377\000W\000a\000y\000m\000a\000k\000i\000n\000g\000\040\000a\000s\000\040\000C\000o\000n\000t\000i\000n\000u\000o\000u\000s\000\040\000R\000e\000-\000B\000r\000a\000c\000k\000e\000t\000i\000n\000g}{chapter.12}% 70
\BOOKMARK [1][-]{section.12.4}{\376\377\000B\000r\000a\000c\000k\000e\000t\000i\000n\000g\000\040\000a\000t\000\040\000t\000h\000e\000\040\000S\000c\000a\000l\000e\000\040\000o\000f\000\040\000a\000\040\000L\000i\000f\000e\000'\000s\000\040\000W\000o\000r\000k}{chapter.12}% 71
\BOOKMARK [1][-]{section.12.5}{\376\377\000W\000h\000a\000t\000\040\000E\000r\000o\000d\000e\000s\000\040\000W\000a\000y\000m\000a\000k\000i\000n\000g}{chapter.12}% 72
\BOOKMARK [0][-]{chapter.13}{\376\377\000P\000r\000o\000d\000u\000c\000t\000i\000v\000e\000\040\000F\000r\000i\000c\000t\000i\000o\000n}{part.3}% 73
\BOOKMARK [1][-]{section.13.1}{\376\377\000T\000h\000e\000\040\000V\000a\000l\000u\000e\000\040\000o\000f\000\040\000R\000e\000s\000i\000s\000t\000a\000n\000c\000e}{chapter.13}% 74
\BOOKMARK [1][-]{section.13.2}{\376\377\000T\000h\000e\000\040\000D\000e\000s\000i\000g\000n\000\040\000L\000o\000g\000i\000c\000\040\000o\000f\000\040\000F\000r\000i\000c\000t\000i\000o\000n\000l\000e\000s\000s\000n\000e\000s\000s}{chapter.13}% 75
\BOOKMARK [1][-]{section.13.3}{\376\377\000W\000h\000a\000t\000\040\000G\000e\000t\000s\000\040\000D\000i\000s\000p\000l\000a\000c\000e\000d}{chapter.13}% 76
\BOOKMARK [1][-]{section.13.4}{\376\377\000H\000o\000l\000l\000o\000w\000n\000e\000s\000s\000,\000\040\000N\000o\000t\000\040\000E\000m\000p\000t\000i\000n\000e\000s\000s}{chapter.13}% 77
\BOOKMARK [1][-]{section.13.5}{\376\377\000C\000l\000o\000s\000i\000n\000g\000\040\000P\000a\000r\000t\000\040\000I\000I\000I}{chapter.13}% 78
\BOOKMARK [-1][-]{part.4}{\376\377\000I\000V\000\040\000C\000o\000r\000r\000e\000c\000t\000i\000v\000e\000\040\000A\000r\000c\000h\000i\000t\000e\000c\000t\000u\000r\000e\000s}{}% 79
\BOOKMARK [0][-]{chapter.14}{\376\377\000S\000y\000m\000p\000o\000i\000e\000s\000i\000s}{part.4}% 80
\BOOKMARK [1][-]{section.14.1}{\376\377\000W\000h\000a\000t\000\040\000P\000a\000r\000t\000\040\000I\000V\000\040\000C\000a\000n\000n\000o\000t\000\040\000D\000o}{chapter.14}% 81
\BOOKMARK [1][-]{section.14.2}{\376\377\000A\000\040\000C\000o\000n\000c\000e\000p\000t\000\040\000B\000o\000r\000r\000o\000w\000e\000d\000\040\000f\000r\000o\000m\000\040\000B\000i\000o\000l\000o\000g\000y}{chapter.14}% 82
\BOOKMARK [1][-]{section.14.3}{\376\377\000W\000h\000y\000\040\000D\000i\000s\000t\000r\000i\000b\000u\000t\000i\000o\000n\000\040\000I\000s\000\040\000N\000o\000t\000\040\000M\000e\000r\000e\000l\000y\000\040\000a\000\040\000P\000r\000e\000f\000e\000r\000e\000n\000c\000e}{chapter.14}% 83
\BOOKMARK [1][-]{section.14.4}{\376\377\000E\000v\000e\000n\000t\000\040\000H\000i\000s\000t\000o\000r\000i\000e\000s\000\040\000a\000s\000\040\000a\000\040\000F\000o\000u\000n\000d\000a\000t\000i\000o\000n}{chapter.14}% 84
\BOOKMARK [1][-]{section.14.5}{\376\377\000W\000h\000a\000t\000\040\000S\000y\000m\000p\000o\000i\000e\000s\000i\000s\000\040\000D\000o\000e\000s\000\040\000N\000o\000t\000\040\000P\000r\000o\000m\000i\000s\000e}{chapter.14}% 85
\BOOKMARK [0][-]{chapter.15}{\376\377\000P\000o\000s\000t\000-\000T\000u\000r\000i\000n\000g\000\040\000S\000y\000s\000t\000e\000m\000s\000\040\000a\000n\000d\000\040\000P\000R\000M\000O}{part.4}% 86
\BOOKMARK [1][-]{section.15.1}{\376\377\000W\000h\000y\000\040\000T\000h\000i\000s\000\040\000C\000h\000a\000p\000t\000e\000r\000\040\000E\000x\000i\000s\000t\000s}{chapter.15}% 87
\BOOKMARK [1][-]{section.15.2}{\376\377\000T\000h\000e\000\040\000I\000n\000s\000u\000f\000f\000i\000c\000i\000e\000n\000c\000y\000\040\000o\000f\000\040\000D\000i\000s\000t\000r\000i\000b\000u\000t\000i\000o\000n\000\040\000A\000l\000o\000n\000e}{chapter.15}% 88
\BOOKMARK [1][-]{section.15.3}{\376\377\000T\000h\000e\000\040\000P\000o\000s\000t\000-\000T\000u\000r\000i\000n\000g\000\040\000C\000o\000n\000d\000i\000t\000i\000o\000n}{chapter.15}% 89
\BOOKMARK [1][-]{section.15.4}{\376\377\000W\000h\000e\000r\000e\000\040\000C\000u\000r\000r\000e\000n\000t\000\040\000A\000I\000\040\000S\000y\000s\000t\000e\000m\000s\000\040\000S\000i\000t}{chapter.15}% 90
\BOOKMARK [1][-]{section.15.5}{\376\377\000T\000h\000e\000\040\000R\000i\000s\000k\000\040\000o\000f\000\040\000M\000a\000c\000h\000i\000n\000e\000-\000O\000n\000l\000y\000\040\000C\000o\000h\000e\000r\000e\000n\000c\000e}{chapter.15}% 91
\BOOKMARK [1][-]{section.15.6}{\376\377\000Q\000u\000a\000d\000r\000a\000n\000g\000u\000l\000a\000t\000i\000o\000n\000,\000\040\000I\000n\000t\000r\000o\000d\000u\000c\000e\000d}{chapter.15}% 92
\BOOKMARK [1][-]{section.15.7}{\376\377\000T\000o\000w\000a\000r\000d\000\040\000a\000\040\000M\000e\000c\000h\000a\000n\000i\000s\000m}{chapter.15}% 93
\BOOKMARK [0][-]{chapter.16}{\376\377\000S\000p\000h\000e\000r\000e\000p\000o\000p\000\040\000a\000n\000d\000\040\000Q\000u\000a\000d\000r\000a\000n\000g\000u\000l\000a\000t\000i\000o\000n}{part.4}% 94
\BOOKMARK [1][-]{section.16.1}{\376\377\000T\000w\000o\000\040\000M\000e\000c\000h\000a\000n\000i\000s\000m\000s\000,\000\040\000N\000o\000t\000\040\000O\000n\000e}{chapter.16}% 95
\BOOKMARK [1][-]{section.16.2}{\376\377\000S\000p\000h\000e\000r\000e\000p\000o\000p\000:\000\040\000E\000v\000e\000n\000t\000s\000\040\000a\000s\000\040\000t\000h\000e\000\040\000U\000n\000i\000t\000\040\000o\000f\000\040\000S\000o\000c\000i\000a\000l\000\040\000M\000e\000m\000o\000r\000y}{chapter.16}% 96
\BOOKMARK [1][-]{section.16.3}{\376\377\000Q\000u\000a\000d\000r\000a\000n\000g\000u\000l\000a\000t\000i\000o\000n\000\040\000a\000s\000\040\000a\000\040\000F\000o\000r\000m\000a\000l\000\040\000C\000o\000n\000s\000t\000r\000a\000i\000n\000t}{chapter.16}% 97
\BOOKMARK [1][-]{section.16.4}{\376\377\000T\000h\000e\000\040\000C\000o\000m\000b\000i\000n\000e\000d\000\040\000A\000r\000c\000h\000i\000t\000e\000c\000t\000u\000r\000e}{chapter.16}% 98
\BOOKMARK [1][-]{section.16.5}{\376\377\000T\000o\000w\000a\000r\000d\000\040\000G\000o\000v\000e\000r\000n\000a\000n\000c\000e}{chapter.16}% 99
\BOOKMARK [0][-]{chapter.17}{\376\377\000G\000o\000v\000e\000r\000n\000a\000n\000c\000e\000\040\000a\000n\000d\000\040\000t\000h\000e\000\040\000R\000e\000d\000e\000s\000i\000g\000n\000\040\000o\000f\000\040\000T\000r\000u\000s\000t}{part.4}% 100
\BOOKMARK [1][-]{section.17.1}{\376\377\000W\000h\000a\000t\000\040\000K\000i\000n\000d\000\040\000o\000f\000\040\000P\000r\000o\000b\000l\000e\000m\000\040\000T\000h\000i\000s\000\040\000I\000s}{chapter.17}% 101
\BOOKMARK [1][-]{section.17.2}{\376\377\000D\000i\000a\000g\000n\000o\000s\000i\000n\000g\000\040\000B\000e\000f\000o\000r\000e\000\040\000P\000r\000e\000s\000c\000r\000i\000b\000i\000n\000g}{chapter.17}% 102
\BOOKMARK [1][-]{section.17.3}{\376\377\000L\000e\000g\000i\000b\000i\000l\000i\000t\000y\000\040\000a\000s\000\040\000I\000n\000f\000r\000a\000s\000t\000r\000u\000c\000t\000u\000r\000e}{chapter.17}% 103
\BOOKMARK [1][-]{section.17.4}{\376\377\000W\000h\000a\000t\000\040\000T\000h\000i\000s\000\040\000R\000e\000q\000u\000i\000r\000e\000s\000\040\000o\000f\000\040\000M\000e\000a\000s\000u\000r\000e\000m\000e\000n\000t\000\040\000S\000y\000s\000t\000e\000m\000s\000\040\000I\000n\000t\000e\000r\000n\000a\000l\000l\000y}{chapter.17}% 104
\BOOKMARK [1][-]{section.17.5}{\376\377\000T\000h\000e\000\040\000R\000e\000c\000u\000r\000s\000i\000o\000n\000\040\000P\000r\000o\000b\000l\000e\000m\000,\000\040\000O\000n\000e\000\040\000L\000a\000s\000t\000\040\000T\000i\000m\000e}{chapter.17}% 105
\BOOKMARK [1][-]{section.17.6}{\376\377\000I\000n\000s\000t\000a\000n\000t\000i\000a\000t\000i\000n\000g\000\040\000t\000h\000e\000\040\000R\000e\000g\000u\000l\000a\000t\000o\000r\000'\000s\000\040\000O\000w\000n\000\040\000r\000h\000o}{chapter.17}% 106
\BOOKMARK [1][-]{section.17.7}{\376\377\000W\000h\000a\000t\000\040\000T\000h\000i\000s\000\040\000B\000o\000o\000k\000\040\000D\000o\000e\000s\000\040\000N\000o\000t\000\040\000E\000s\000t\000a\000b\000l\000i\000s\000h}{chapter.17}% 107
\BOOKMARK [1][-]{section.17.8}{\376\377\000T\000h\000e\000\040\000R\000e\000d\000e\000s\000i\000g\000n\000\040\000o\000f\000\040\000T\000r\000u\000s\000t}{chapter.17}% 108
\BOOKMARK [0][-]{appendix.A}{\376\377\000P\000l\000a\000t\000f\000o\000r\000m\000\040\000E\000n\000g\000a\000g\000e\000m\000e\000n\000t\000\040\000O\000p\000t\000i\000m\000i\000z\000a\000t\000i\000o\000n}{part.4}% 109
\BOOKMARK [0][-]{appendix.B}{\376\377\000T\000h\000e\000\040\000P\000R\000M\000O\000\040\000F\000r\000a\000m\000e\000w\000o\000r\000k}{part.4}% 110
\BOOKMARK [0][-]{appendix.C}{\376\377\000P\000r\000e\000d\000i\000c\000t\000i\000v\000e\000\040\000C\000o\000d\000i\000n\000g\000\040\000a\000n\000d\000\040\000V\000a\000r\000i\000a\000t\000i\000o\000n\000a\000l\000\040\000F\000r\000e\000e\000\040\000E\000n\000e\000r\000g\000y}{part.4}% 111
\BOOKMARK [0][-]{appendix.D}{\376\377\000E\000v\000e\000n\000t\000\040\000H\000i\000s\000t\000o\000r\000i\000e\000s\000\040\000a\000n\000d\000\040\000S\000p\000h\000e\000r\000e\000p\000o\000p\000\040\000S\000t\000r\000u\000c\000t\000u\000r\000e\000s}{part.4}% 112
\BOOKMARK [0][-]{appendix.E}{\376\377\000Q\000u\000a\000d\000r\000a\000n\000g\000u\000l\000a\000t\000i\000o\000n\000\040\000a\000s\000\040\000a\000\040\000C\000o\000n\000s\000t\000r\000a\000i\000n\000t\000\040\000S\000y\000s\000t\000e\000m}{part.4}% 113
\BOOKMARK [0][-]{appendix.F}{\376\377\000T\000h\000e\000\040\000R\000e\000l\000a\000t\000i\000v\000i\000s\000t\000i\000c\000\040\000S\000c\000a\000l\000a\000r\040\023\000V\000e\000c\000t\000o\000r\000\040\000P\000l\000e\000n\000u\000m}{part.4}% 114
